Archive member included to satisfy reference by file (symbol)

C:/ST/STM32CubeIDE_1.16.1/STM32CubeIDE/plugins/com.st.stm32cube.ide.mcu.externaltools.gnu-tools-for-stm32.12.3.rel1.win32_1.0.200.202406191623/tools/bin/../lib/gcc/arm-none-eabi/12.3.1/../../../../arm-none-eabi/lib/thumb/v7e-m/nofp\librdimon_nano.a(arm_librdimon_a-syscalls.o)
                              C:/ST/STM32CubeIDE_1.16.1/STM32CubeIDE/plugins/com.st.stm32cube.ide.mcu.externaltools.gnu-tools-for-stm32.12.3.rel1.win32_1.0.200.202406191623/tools/bin/../lib/gcc/arm-none-eabi/12.3.1/../../../../arm-none-eabi/lib/thumb/v7e-m/nofp/rdimon-crt0.o (__heap_limit)
C:/ST/STM32CubeIDE_1.16.1/STM32CubeIDE/plugins/com.st.stm32cube.ide.mcu.externaltools.gnu-tools-for-stm32.12.3.rel1.win32_1.0.200.202406191623/tools/bin/../lib/gcc/arm-none-eabi/12.3.1/../../../../arm-none-eabi/lib/thumb/v7e-m/nofp\libc_nano.a(libc_a-exit.o)
                              C:/ST/STM32CubeIDE_1.16.1/STM32CubeIDE/plugins/com.st.stm32cube.ide.mcu.externaltools.gnu-tools-for-stm32.12.3.rel1.win32_1.0.200.202406191623/tools/bin/../lib/gcc/arm-none-eabi/12.3.1/../../../../arm-none-eabi/lib/thumb/v7e-m/nofp/rdimon-crt0.o (exit)
C:/ST/STM32CubeIDE_1.16.1/STM32CubeIDE/plugins/com.st.stm32cube.ide.mcu.externaltools.gnu-tools-for-stm32.12.3.rel1.win32_1.0.200.202406191623/tools/bin/../lib/gcc/arm-none-eabi/12.3.1/../../../../arm-none-eabi/lib/thumb/v7e-m/nofp\libc_nano.a(libc_a-itoa.o)
                              ./Core/Src/GameMenu_Driver.o (itoa)
C:/ST/STM32CubeIDE_1.16.1/STM32CubeIDE/plugins/com.st.stm32cube.ide.mcu.externaltools.gnu-tools-for-stm32.12.3.rel1.win32_1.0.200.202406191623/tools/bin/../lib/gcc/arm-none-eabi/12.3.1/../../../../arm-none-eabi/lib/thumb/v7e-m/nofp\libc_nano.a(libc_a-utoa.o)
                              C:/ST/STM32CubeIDE_1.16.1/STM32CubeIDE/plugins/com.st.stm32cube.ide.mcu.externaltools.gnu-tools-for-stm32.12.3.rel1.win32_1.0.200.202406191623/tools/bin/../lib/gcc/arm-none-eabi/12.3.1/../../../../arm-none-eabi/lib/thumb/v7e-m/nofp\libc_nano.a(libc_a-itoa.o) (__utoa)
C:/ST/STM32CubeIDE_1.16.1/STM32CubeIDE/plugins/com.st.stm32cube.ide.mcu.externaltools.gnu-tools-for-stm32.12.3.rel1.win32_1.0.200.202406191623/tools/bin/../lib/gcc/arm-none-eabi/12.3.1/../../../../arm-none-eabi/lib/thumb/v7e-m/nofp\libc_nano.a(libc_a-findfp.o)
                              C:/ST/STM32CubeIDE_1.16.1/STM32CubeIDE/plugins/com.st.stm32cube.ide.mcu.externaltools.gnu-tools-for-stm32.12.3.rel1.win32_1.0.200.202406191623/tools/bin/../lib/gcc/arm-none-eabi/12.3.1/../../../../arm-none-eabi/lib/thumb/v7e-m/nofp\libc_nano.a(libc_a-exit.o) (__stdio_exit_handler)
C:/ST/STM32CubeIDE_1.16.1/STM32CubeIDE/plugins/com.st.stm32cube.ide.mcu.externaltools.gnu-tools-for-stm32.12.3.rel1.win32_1.0.200.202406191623/tools/bin/../lib/gcc/arm-none-eabi/12.3.1/../../../../arm-none-eabi/lib/thumb/v7e-m/nofp\libc_nano.a(libc_a-fwalk.o)
                              C:/ST/STM32CubeIDE_1.16.1/STM32CubeIDE/plugins/com.st.stm32cube.ide.mcu.externaltools.gnu-tools-for-stm32.12.3.rel1.win32_1.0.200.202406191623/tools/bin/../lib/gcc/arm-none-eabi/12.3.1/../../../../arm-none-eabi/lib/thumb/v7e-m/nofp\libc_nano.a(libc_a-findfp.o) (_fwalk_sglue)
C:/ST/STM32CubeIDE_1.16.1/STM32CubeIDE/plugins/com.st.stm32cube.ide.mcu.externaltools.gnu-tools-for-stm32.12.3.rel1.win32_1.0.200.202406191623/tools/bin/../lib/gcc/arm-none-eabi/12.3.1/../../../../arm-none-eabi/lib/thumb/v7e-m/nofp\libc_nano.a(libc_a-stdio.o)
                              C:/ST/STM32CubeIDE_1.16.1/STM32CubeIDE/plugins/com.st.stm32cube.ide.mcu.externaltools.gnu-tools-for-stm32.12.3.rel1.win32_1.0.200.202406191623/tools/bin/../lib/gcc/arm-none-eabi/12.3.1/../../../../arm-none-eabi/lib/thumb/v7e-m/nofp\libc_nano.a(libc_a-findfp.o) (__sread)
C:/ST/STM32CubeIDE_1.16.1/STM32CubeIDE/plugins/com.st.stm32cube.ide.mcu.externaltools.gnu-tools-for-stm32.12.3.rel1.win32_1.0.200.202406191623/tools/bin/../lib/gcc/arm-none-eabi/12.3.1/../../../../arm-none-eabi/lib/thumb/v7e-m/nofp\libc_nano.a(libc_a-memset.o)
                              C:/ST/STM32CubeIDE_1.16.1/STM32CubeIDE/plugins/com.st.stm32cube.ide.mcu.externaltools.gnu-tools-for-stm32.12.3.rel1.win32_1.0.200.202406191623/tools/bin/../lib/gcc/arm-none-eabi/12.3.1/../../../../arm-none-eabi/lib/thumb/v7e-m/nofp/rdimon-crt0.o (memset)
C:/ST/STM32CubeIDE_1.16.1/STM32CubeIDE/plugins/com.st.stm32cube.ide.mcu.externaltools.gnu-tools-for-stm32.12.3.rel1.win32_1.0.200.202406191623/tools/bin/../lib/gcc/arm-none-eabi/12.3.1/../../../../arm-none-eabi/lib/thumb/v7e-m/nofp\libc_nano.a(libc_a-closer.o)
                              C:/ST/STM32CubeIDE_1.16.1/STM32CubeIDE/plugins/com.st.stm32cube.ide.mcu.externaltools.gnu-tools-for-stm32.12.3.rel1.win32_1.0.200.202406191623/tools/bin/../lib/gcc/arm-none-eabi/12.3.1/../../../../arm-none-eabi/lib/thumb/v7e-m/nofp\libc_nano.a(libc_a-stdio.o) (_close_r)
[...]
Memory Configuration

Name             Origin             Length             Attributes
CCMRAM           0x10000000         0x00010000         xrw
RAM              0x20000000         0x00030000         xrw
FLASH            0x08000000         0x00200000         xr
*default*        0x00000000         0xffffffff

Linker script and memory map

LOAD C:/ST/STM32CubeIDE_1.16.1/STM32CubeIDE/plugins/com.st.stm32cube.ide.mcu.externaltools.gnu-tools-for-stm32.12.3.rel1.win32_1.0.200.202406191623/tools/bin/../lib/gcc/arm-none-eabi/12.3.1/thumb/v7e-m/nofp/crti.o
LOAD C:/ST/STM32CubeIDE_1.16.1/STM32CubeIDE/plugins/com.st.stm32cube.ide.mcu.externaltools.gnu-tools-for-stm32.12.3.rel1.win32_1.0.200.202406191623/tools/bin/../lib/gcc/arm-none-eabi/12.3.1/thumb/v7e-m/nofp/crtbegin.o
LOAD C:/ST/STM32CubeIDE_1.16.1/STM32CubeIDE/plugins/com.st.stm32cube.ide.mcu.externaltools.gnu-tools-for-stm32.12.3.rel1.win32_1.0.200.202406191623/tools/bin/../lib/gcc/arm-none-eabi/12.3.1/../../../../arm-none-eabi/lib/thumb/v7e-m/nofp/rdimon-crt0.o
LOAD ./Core/Src/ApplicationCode.o
LOAD ./Core/Src/Button_Driver.o
LOAD ./Core/Src/GameMenu_Driver.o
LOAD ./Core/Src/LCD_Driver.o
LOAD ./Core/Src/RNG_Driver.o
LOAD ./Core/Src/Scheduler.o
LOAD ./Core/Src/Tetris_Driver.o
LOAD ./Core/Src/fonts.o
LOAD ./Core/Src/ili9341.o
LOAD ./Core/Src/main.o
LOAD ./Core/Src/stm32f4xx_hal_msp.o
LOAD ./Core/Src/stm32f4xx_it.o
LOAD ./Core/Src/stmpe811.o
LOAD ./Core/Src/sysmem.o
LOAD ./Core/Src/system_stm32f4xx.o
LOAD ./Core/Startup/startup_stm32f429zitx.o
LOAD ./Drivers/STM32F4xx_HAL_Driver/Src/stm32f4xx_hal.o
LOAD ./Drivers/STM32F4xx_HAL_Driver/Src/stm32f4xx_hal_cortex.o
LOAD ./Drivers/STM32F4xx_HAL_Driver/Src/stm32f4xx_hal_dma.o
LOAD ./Drivers/STM32F4xx_HAL_Driver/Src/stm32f4xx_hal_dma_ex.o
LOAD ./Drivers/STM32F4xx_HAL_Driver/Src/stm32f4xx_hal_dsi.o
LOAD ./Drivers/STM32F4xx_HAL_Driver/Src/stm32f4xx_hal_exti.o
LOAD ./Drivers/STM32F4xx_HAL_Driver/Src/stm32f4xx_hal_flash.o
LOAD ./Drivers/STM32F4xx_HAL_Driver/Src/stm32f4xx_hal_flash_ex.o
LOAD ./Drivers/STM32F4xx_HAL_Driver/Src/stm32f4xx_hal_flash_ramfunc.o
LOAD ./Drivers/STM32F4xx_HAL_Driver/Src/stm32f4xx_hal_gpio.o
LOAD ./Drivers/STM32F4xx_HAL_Driver/Src/stm32f4xx_hal_i2c.o
LOAD ./Drivers/STM32F4xx_HAL_Driver/Src/stm32f4xx_hal_i2c_ex.o
LOAD ./Drivers/STM32F4xx_HAL_Driver/Src/stm32f4xx_hal_ltdc.o
LOAD ./Drivers/STM32F4xx_HAL_Driver/Src/stm32f4xx_hal_ltdc_ex.o
LOAD ./Drivers/STM32F4xx_HAL_Driver/Src/stm32f4xx_hal_pwr.o
LOAD ./Drivers/STM32F4xx_HAL_Driver/Src/stm32f4xx_hal_pwr_ex.o
LOAD ./Drivers/STM32F4xx_HAL_Driver/Src/stm32f4xx_hal_rcc.o
LOAD ./Drivers/STM32F4xx_HAL_Driver/Src/stm32f4xx_hal_rcc_ex.o
LOAD ./Drivers/STM32F4xx_HAL_Driver/Src/stm32f4xx_hal_rng.o
LOAD ./Drivers/STM32F4xx_HAL_Driver/Src/stm32f4xx_hal_spi.o
LOAD ./Drivers/STM32F4xx_HAL_Driver/Src/stm32f4xx_hal_tim.o
LOAD ./Drivers/STM32F4xx_HAL_Driver/Src/stm32f4xx_hal_tim_ex.o
LOAD C:/ST/STM32CubeIDE_1.16.1/STM32CubeIDE/plugins/com.st.stm32cube.ide.mcu.externaltools.gnu-tools-for-stm32.12.3.rel1.win32_1.0.200.202406191623/tools/bin/../lib/gcc/arm-none-eabi/12.3.1/../../../../arm-none-eabi/lib/thumb/v7e-m/nofp\librdimon_nano.a
START GROUP
LOAD C:/ST/STM32CubeIDE_1.16.1/STM32CubeIDE/plugins/com.st.stm32cube.ide.mcu.externaltools.gnu-tools-for-stm32.12.3.rel1.win32_1.0.200.202406191623/tools/bin/../lib/gcc/arm-none-eabi/12.3.1/../../../../arm-none-eabi/lib/thumb/v7e-m/nofp\libc_nano.a
LOAD C:/ST/STM32CubeIDE_1.16.1/STM32CubeIDE/plugins/com.st.stm32cube.ide.mcu.externaltools.gnu-tools-for-stm32.12.3.rel1.win32_1.0.200.202406191623/tools/bin/../lib/gcc/arm-none-eabi/12.3.1/../../../../arm-none-eabi/lib/thumb/v7e-m/nofp\libm.a
END GROUP
START GROUP
LOAD C:/ST/STM32CubeIDE_1.16.1/STM32CubeIDE/plugins/com.st.stm32cube.ide.mcu.externaltools.gnu-tools-for-stm32.12.3.rel1.win32_1.0.200.202406191623/tools/bin/../lib/gcc/arm-none-eabi/12.3.1/thumb/v7e-m/nofp\libgcc.a
LOAD C:/ST/STM32CubeIDE_1.16.1/STM32CubeIDE/plugins/com.st.stm32cube.ide.mcu.externaltools.gnu-tools-for-stm32.12.3.rel1.win32_1.0.200.202406191623/tools/bin/../lib/gcc/arm-none-eabi/12.3.1/../../../../arm-none-eabi/lib/thumb/v7e-m/nofp\libc_nano.a
END GROUP
START GROUP
LOAD C:/ST/STM32CubeIDE_1.16.1/STM32CubeIDE/plugins/com.st.stm32cube.ide.mcu.externaltools.gnu-tools-for-stm32.12.3.rel1.win32_1.0.200.202406191623/tools/bin/../lib/gcc/arm-none-eabi/12.3.1/thumb/v7e-m/nofp\libgcc.a
LOAD C:/ST/STM32CubeIDE_1.16.1/STM32CubeIDE/plugins/com.st.stm32cube.ide.mcu.externaltools.gnu-tools-for-stm32.12.3.rel1.win32_1.0.200.202406191623/tools/bin/../lib/gcc/arm-none-eabi/12.3.1/../../../../arm-none-eabi/lib/thumb/v7e-m/nofp\libc_nano.a
LOAD C:/ST/STM32CubeIDE_1.16.1/STM32CubeIDE/plugins/com.st.stm32cube.ide.mcu.externaltools.gnu-tools-for-stm32.12.3.rel1.win32_1.0.200.202406191623/tools/bin/../lib/gcc/arm-none-eabi/12.3.1/../../../../arm-none-eabi/lib/thumb/v7e-m/nofp\libnosys.a
END GROUP
START GROUP
LOAD C:/ST/STM32CubeIDE_1.16.1/STM32CubeIDE/plugins/com.st.stm32cube.ide.mcu.externaltools.gnu-tools-for-stm32.12.3.rel1.win32_1.0.200.202406191623/tools/bin/../lib/gcc/arm-none-eabi/12.3.1/thumb/v7e-m/nofp\libgcc.a
LOAD C:/ST/STM32CubeIDE_1.16.1/STM32CubeIDE/plugins/com.st.stm32cube.ide.mcu.externaltools.gnu-tools-for-stm32.12.3.rel1.win32_1.0.200.202406191623/tools/bin/../lib/gcc/arm-none-eabi/12.3.1/../../../../arm-none-eabi/lib/thumb/v7e-m/nofp\libc_nano.a
LOAD C:/ST/STM32CubeIDE_1.16.1/STM32CubeIDE/plugins/com.st.stm32cube.ide.mcu.externaltools.gnu-tools-for-stm32.12.3.rel1.win32_1.0.200.202406191623/tools/bin/../lib/gcc/arm-none-eabi/12.3.1/../../../../arm-none-eabi/lib/thumb/v7e-m/nofp\librdimon_nano.a
END GROUP
START GROUP
LOAD C:/ST/STM32CubeIDE_1.16.1/STM32CubeIDE/plugins/com.st.stm32cube.ide.mcu.externaltools.gnu-tools-for-stm32.12.3.rel1.win32_1.0.200.202406191623/tools/bin/../lib/gcc/arm-none-eabi/12.3.1/thumb/v7e-m/nofp\libgcc.a
LOAD C:/ST/STM32CubeIDE_1.16.1/STM32CubeIDE/plugins/com.st.stm32cube.ide.mcu.externaltools.gnu-tools-for-stm32.12.3.rel1.win32_1.0.200.202406191623/tools/bin/../lib/gcc/arm-none-eabi/12.3.1/../../../../arm-none-eabi/lib/thumb/v7e-m/nofp\libc_nano.a
LOAD C:/ST/STM32CubeIDE_1.16.1/STM32CubeIDE/plugins/com.st.stm32cube.ide.mcu.externaltools.gnu-tools-for-stm32.12.3.rel1.win32_1.0.200.202406191623/tools/bin/../lib/gcc/arm-none-eabi/12.3.1/../../../../arm-none-eabi/lib/thumb/v7e-m/nofp\librdimon_nano.a
LOAD C:/ST/STM32CubeIDE_1.16.1/STM32CubeIDE/plugins/com.st.stm32cube.ide.mcu.externaltools.gnu-tools-for-stm32.12.3.rel1.win32_1.0.200.202406191623/tools/bin/../lib/gcc/arm-none-eabi/12.3.1/../../../../arm-none-eabi/lib/thumb/v7e-m/nofp\libnosys.a
END GROUP
LOAD C:/ST/STM32CubeIDE_1.16.1/STM32CubeIDE/plugins/com.st.stm32cube.ide.mcu.externaltools.gnu-tools-for-stm32.12.3.rel1.win32_1.0.200.202406191623/tools/bin/../lib/gcc/arm-none-eabi/12.3.1/thumb/v7e-m/nofp/crtend.o
LOAD C:/ST/STM32CubeIDE_1.16.1/STM32CubeIDE/plugins/com.st.stm32cube.ide.mcu.externaltools.gnu-tools-for-stm32.12.3.rel1.win32_1.0.200.202406191623/tools/bin/../lib/gcc/arm-none-eabi/12.3.1/thumb/v7e-m/nofp/crtn.o
                0x20030000                        _estack = (ORIGIN (RAM) + LENGTH (RAM))
                0x00000200                        _Min_Heap_Size = 0x200
                0x00000400                        _Min_Stack_Size = 0x400

.isr_vector     0x08000000      0x1ac
                0x08000000                        . = ALIGN (0x4)
 *(.isr_vector)
 .isr_vector    0x08000000      0x1ac ./Core/Startup/startup_stm32f429zitx.o
                0x08000000                g_pfnVectors
                0x080001ac                        . = ALIGN (0x4)

.text           0x080001ac     0x5ecc
                0x080001ac                        . = ALIGN (0x4)
 *(.text)
 .text          0x080001ac       0x40 C:/ST/STM32CubeIDE_1.16.1/STM32CubeIDE/plugins/com.st.stm32cube.ide.mcu.externaltools.gnu-tools-for-stm32.12.3.rel1.win32_1.0.200.202406191623/tools/bin/../lib/gcc/arm-none-eabi/12.3.1/thumb/v7e-m/nofp/crtbegin.o
 .text          0x080001ec       0x30 C:/ST/STM32CubeIDE_1.16.1/STM32CubeIDE/plugins/com.st.stm32cube.ide.mcu.externaltools.gnu-tools-for-stm32.12.3.rel1.win32_1.0.200.202406191623/tools/bin/../lib/gcc/arm-none-eabi/12.3.1/thumb/v7e-m/nofp\libgcc.a(_aeabi_uldivmod.o)
                0x080001ec                __aeabi_uldivmod
 .text          0x0800021c      0x2bc C:/ST/STM32CubeIDE_1.16.1/STM32CubeIDE/plugins/com.st.stm32cube.ide.mcu.externaltools.gnu-tools-for-stm32.12.3.rel1.win32_1.0.200.202406191623/tools/bin/../lib/gcc/arm-none-eabi/12.3.1/thumb/v7e-m/nofp\libgcc.a(_udivmoddi4.o)
                0x0800021c                __udivmoddi4
 .text          0x080004d8        0x4 C:/ST/STM32CubeIDE_1.16.1/STM32CubeIDE/plugins/com.st.stm32cube.ide.mcu.externaltools.gnu-tools-for-stm32.12.3.rel1.win32_1.0.200.202406191623/tools/bin/../lib/gcc/arm-none-eabi/12.3.1/thumb/v7e-m/nofp\libgcc.a(_dvmd_tls.o)
                0x080004d8                __aeabi_idiv0
                0x080004d8                __aeabi_ldiv0
 *(.text*)
 .text.ApplicationInit
                0x080004dc       0x34 ./Core/Src/ApplicationCode.o
                0x080004dc                ApplicationInit
 .text.__NVIC_EnableIRQ
                0x08000510       0x38 ./Core/Src/Button_Driver.o
 .text.BTN_Initalize
                0x08000548       0x30 ./Core/Src/Button_Driver.o
                0x08000548                BTN_Initalize
 .text.BTN_ClockEnable
                0x08000578       0x30 ./Core/Src/Button_Driver.o
                0x08000578                BTN_ClockEnable
 .text.BTN_Pressed
                0x080005a8       0x2c ./Core/Src/Button_Driver.o
                0x080005a8                BTN_Pressed
 .text.DisplayString
                0x080005d4       0x44 ./Core/Src/GameMenu_Driver.o
                0x080005d4                DisplayString
 .text.Game_Select
                0x08000618      0x29c ./Core/Src/GameMenu_Driver.o
                0x08000618                Game_Select
 .text.Game_Select_2
                0x080008b4      0x3e0 ./Core/Src/GameMenu_Driver.o
                0x080008b4                Game_Select_2
 .text.LCD_GPIO_Init
                0x08000c94      0x190 ./Core/Src/LCD_Driver.o
                0x08000c94                LCD_GPIO_Init
 .text.LTCD_Layer_Init
                0x08000e24       0x80 ./Core/Src/LCD_Driver.o
                0x08000e24                LTCD_Layer_Init
 .text.LTCD__Init
                0x08000ea4       0xbc ./Core/Src/LCD_Driver.o
                0x08000ea4                LTCD__Init
 .text.LCD_Draw_Pixel
                0x08000f60       0x38 ./Core/Src/LCD_Driver.o
                0x08000f60                LCD_Draw_Pixel
 .text.LCD_Clear
                0x08000f98       0x44 ./Core/Src/LCD_Driver.o
                0x08000f98                LCD_Clear
 .text.LCD_SetTextColor
                0x08000fdc       0x20 ./Core/Src/LCD_Driver.o
                0x08000fdc                LCD_SetTextColor
 .text.LCD_SetFont
                0x08000ffc       0x1c ./Core/Src/LCD_Driver.o
                0x08000ffc                LCD_SetFont
 .text.LCD_Draw_Char
                0x08001018       0xdc ./Core/Src/LCD_Driver.o
                0x08001018                LCD_Draw_Char
 .text.LCD_DisplayChar
                0x080010f4       0x44 ./Core/Src/LCD_Driver.o
                0x080010f4                LCD_DisplayChar
 .text.LCD_Draw_Tetris_Grid
                0x08001138       0x62 ./Core/Src/LCD_Driver.o
                0x08001138                LCD_Draw_Tetris_Grid
 .text.LCD_Draw_Vertical_Line
                0x0800119a       0x4e ./Core/Src/LCD_Driver.o
                0x0800119a                LCD_Draw_Vertical_Line
 .text.LCD_Draw_Horizontal_Line
                0x080011e8       0x4e ./Core/Src/LCD_Driver.o
                0x080011e8                LCD_Draw_Horizontal_Line
 .text.LCD_Draw_Rectangle_Fill
                0x08001236       0x4e ./Core/Src/LCD_Driver.o
                0x08001236                LCD_Draw_Rectangle_Fill
 .text.LCD_Error_Handler
                0x08001284        0xc ./Core/Src/LCD_Driver.o
                0x08001284                LCD_Error_Handler
 .text.InitializeLCDTouch
                0x08001290       0x16 ./Core/Src/LCD_Driver.o
                0x08001290                InitializeLCDTouch
 .text.returnTouchStateAndLocation
                0x080012a6       0x18 ./Core/Src/LCD_Driver.o
                0x080012a6                returnTouchStateAndLocation
 *fill*         0x080012be        0x2 
 .text.RNG_Init
                0x080012c0       0x54 ./Core/Src/RNG_Driver.o
                0x080012c0                RNG_Init
 .text.RNG_Generate
                0x08001314       0x20 ./Core/Src/RNG_Driver.o
                0x08001314                RNG_Generate
 .text.addSchedulerEvent
                0x08001334       0x24 ./Core/Src/Scheduler.o
                0x08001334                addSchedulerEvent
 .text.removeSchedulerEvent
                0x08001358       0x24 ./Core/Src/Scheduler.o
                0x08001358                removeSchedulerEvent
 .text.getScheduledEvents
                0x0800137c       0x14 ./Core/Src/Scheduler.o
                0x0800137c                getScheduledEvents
 .text.InitializeGrid
                0x08001390       0x80 ./Core/Src/Tetris_Driver.o
                0x08001390                InitializeGrid
 .text.PrintGrid
                0x08001410       0x70 ./Core/Src/Tetris_Driver.o
                0x08001410                PrintGrid
 .text.removeTetrimino
                0x08001480       0x70 ./Core/Src/Tetris_Driver.o
                0x08001480                removeTetrimino
 .text.PlaceTetrimino
                0x080014f0       0x94 ./Core/Src/Tetris_Driver.o
                0x080014f0                PlaceTetrimino
 .text.MoveTetrimino
                0x08001584       0xa4 ./Core/Src/Tetris_Driver.o
                0x08001584                MoveTetrimino
 .text.RotateTetrimino
                0x08001628       0xce ./Core/Src/Tetris_Driver.o
                0x08001628                RotateTetrimino
 *fill*         0x080016f6        0x2 
 .text.CheckCollision
                0x080016f8       0x98 ./Core/Src/Tetris_Driver.o
                0x080016f8                CheckCollision
 .text.ClearLines
                0x08001790      0x1ac ./Core/Src/Tetris_Driver.o
                0x08001790                ClearLines
 .text.SpawnTetrimino
                0x0800193c       0xa0 ./Core/Src/Tetris_Driver.o
                0x0800193c                SpawnTetrimino
 .text.ili9341_Init
                0x080019dc      0x294 ./Core/Src/ili9341.o
                0x080019dc                ili9341_Init
 .text.ili9341_Write_Reg
                0x08001c70       0x1a ./Core/Src/ili9341.o
                0x08001c70                ili9341_Write_Reg
 .text.ili9341_Send_Data
                0x08001c8a       0x1a ./Core/Src/ili9341.o
                0x08001c8a                ili9341_Send_Data
 .text.SPI_Init
                0x08001ca4       0x74 ./Core/Src/ili9341.o
 .text.SPI_Write
                0x08001d18       0x3c ./Core/Src/ili9341.o
 .text.SPI_Error
                0x08001d54       0x18 ./Core/Src/ili9341.o
 .text.SPI_MspInit
                0x08001d6c       0x74 ./Core/Src/ili9341.o
 .text.LCD_IO_Init
                0x08001de0       0xf0 ./Core/Src/ili9341.o
                0x08001de0                LCD_IO_Init
 .text.LCD_IO_WriteData
                0x08001ed0       0x44 ./Core/Src/ili9341.o
                0x08001ed0                LCD_IO_WriteData
 .text.LCD_IO_WriteReg
                0x08001f14       0x44 ./Core/Src/ili9341.o
                0x08001f14                LCD_IO_WriteReg
 .text.LCD_Delay
                0x08001f58       0x16 ./Core/Src/ili9341.o
                0x08001f58                LCD_Delay
 *fill*         0x08001f6e        0x2 
 .text.main     0x08001f70      0x200 ./Core/Src/main.o
                0x08001f70                main
 .text.SystemClockOverride
                0x08002170       0x80 ./Core/Src/main.o
                0x08002170                SystemClockOverride
 .text.Error_Handler
                0x080021f0        0xc ./Core/Src/main.o
                0x080021f0                Error_Handler
 .text.HAL_MspInit
                0x080021fc       0x50 ./Core/Src/stm32f4xx_hal_msp.o
                0x080021fc                HAL_MspInit
 .text.HAL_I2C_MspInit
                0x0800224c       0xd4 ./Core/Src/stm32f4xx_hal_msp.o
                0x0800224c                HAL_I2C_MspInit
 .text.HAL_LTDC_MspInit
                0x08002320      0x250 ./Core/Src/stm32f4xx_hal_msp.o
                0x08002320                HAL_LTDC_MspInit
 .text.HAL_RNG_MspInit
                0x08002570       0x40 ./Core/Src/stm32f4xx_hal_msp.o
                0x08002570                HAL_RNG_MspInit
 .text.HAL_SPI_MspInit
                0x080025b0       0x90 ./Core/Src/stm32f4xx_hal_msp.o
                0x080025b0                HAL_SPI_MspInit
 .text.HAL_SPI_MspDeInit
                0x08002640       0x3c ./Core/Src/stm32f4xx_hal_msp.o
                0x08002640                HAL_SPI_MspDeInit
 .text.NMI_Handler
                0x0800267c        0x8 ./Core/Src/stm32f4xx_it.o
                0x0800267c                NMI_Handler
 .text.HardFault_Handler
                0x08002684        0x8 ./Core/Src/stm32f4xx_it.o
                0x08002684                HardFault_Handler
 .text.MemManage_Handler
                0x0800268c        0x8 ./Core/Src/stm32f4xx_it.o
                0x0800268c                MemManage_Handler
 .text.BusFault_Handler
                0x08002694        0x8 ./Core/Src/stm32f4xx_it.o
                0x08002694                BusFault_Handler
 .text.UsageFault_Handler
                0x0800269c        0x8 ./Core/Src/stm32f4xx_it.o
                0x0800269c                UsageFault_Handler
 .text.SVC_Handler
                0x080026a4        0xc ./Core/Src/stm32f4xx_it.o
                0x080026a4                SVC_Handler
 .text.DebugMon_Handler
                0x080026b0        0xc ./Core/Src/stm32f4xx_it.o
                0x080026b0                DebugMon_Handler
 .text.PendSV_Handler
                0x080026bc        0xc ./Core/Src/stm32f4xx_it.o
                0x080026bc                PendSV_Handler
 .text.SysTick_Handler
                0x080026c8        0xc ./Core/Src/stm32f4xx_it.o
                0x080026c8                SysTick_Handler
 .text.STMPE811_Init
                0x080026d4      0x14e ./Core/Src/stmpe811.o
                0x080026d4                STMPE811_Init
 .text.STMPE811_Read
                0x08002822       0x22 ./Core/Src/stmpe811.o
                0x08002822                STMPE811_Read
 .text.STMPE811_ReadTouch
                0x08002844      0x198 ./Core/Src/stmpe811.o
                0x08002844                STMPE811_ReadTouch
 .text.verifyHAL_I2C_IS_OKAY
                0x080029dc       0x1c ./Core/Src/stmpe811.o
                0x080029dc                verifyHAL_I2C_IS_OKAY
 .text.I2C3_Init
                0x080029f8       0x7c ./Core/Src/stmpe811.o
 .text.I2C3_MspInit
                0x08002a74       0xa8 ./Core/Src/stmpe811.o
 .text.I2C3_Write
                0x08002b1c       0x54 ./Core/Src/stmpe811.o
                0x08002b1c                I2C3_Write
 .text.I2C3_Read
                0x08002b70       0x4c ./Core/Src/stmpe811.o
                0x08002b70                I2C3_Read
 .text.I2C3_MulitByteRead
                0x08002bbc       0x44 ./Core/Src/stmpe811.o
                0x08002bbc                I2C3_MulitByteRead
 .text.TM_STMPE811_ReadX
                0x08002c00       0xbc ./Core/Src/stmpe811.o
                0x08002c00                TM_STMPE811_ReadX
 .text.TM_STMPE811_ReadY
                0x08002cbc       0xa4 ./Core/Src/stmpe811.o
                0x08002cbc                TM_STMPE811_ReadY
 .text.SystemInit
                0x08002d60        0xc ./Core/Src/system_stm32f4xx.o
                0x08002d60                SystemInit
 .text.Reset_Handler
                0x08002d6c       0x50 ./Core/Startup/startup_stm32f429zitx.o
                0x08002d6c                Reset_Handler
 .text.Default_Handler
                0x08002dbc        0x2 ./Core/Startup/startup_stm32f429zitx.o
                0x08002dbc                RTC_Alarm_IRQHandler
                0x08002dbc                HASH_RNG_IRQHandler
                0x08002dbc                EXTI2_IRQHandler
                0x08002dbc                TIM8_CC_IRQHandler
                0x08002dbc                UART8_IRQHandler
                0x08002dbc                SPI4_IRQHandler
                0x08002dbc                TIM1_CC_IRQHandler
                0x08002dbc                DMA2_Stream5_IRQHandler
                0x08002dbc                DMA1_Stream5_IRQHandler
                0x08002dbc                PVD_IRQHandler
                0x08002dbc                SDIO_IRQHandler
                0x08002dbc                TAMP_STAMP_IRQHandler
                0x08002dbc                CAN2_RX1_IRQHandler
                0x08002dbc                EXTI3_IRQHandler
                0x08002dbc                TIM8_TRG_COM_TIM14_IRQHandler
                0x08002dbc                TIM1_UP_TIM10_IRQHandler
                0x08002dbc                TIM8_UP_TIM13_IRQHandler
                0x08002dbc                I2C3_ER_IRQHandler
                0x08002dbc                EXTI0_IRQHandler
                0x08002dbc                I2C2_EV_IRQHandler
                0x08002dbc                DMA1_Stream2_IRQHandler
                0x08002dbc                CAN1_RX0_IRQHandler
                0x08002dbc                FPU_IRQHandler
                0x08002dbc                OTG_HS_WKUP_IRQHandler
                0x08002dbc                LTDC_ER_IRQHandler
                0x08002dbc                CAN2_SCE_IRQHandler
                0x08002dbc                DMA2_Stream2_IRQHandler
                0x08002dbc                SPI1_IRQHandler
                0x08002dbc                TIM6_DAC_IRQHandler
                0x08002dbc                TIM1_BRK_TIM9_IRQHandler
                0x08002dbc                DCMI_IRQHandler
                0x08002dbc                CAN2_RX0_IRQHandler
                0x08002dbc                DMA2_Stream3_IRQHandler
                0x08002dbc                USART6_IRQHandler
                0x08002dbc                USART3_IRQHandler
                0x08002dbc                CAN1_RX1_IRQHandler
                0x08002dbc                UART5_IRQHandler
                0x08002dbc                DMA2_Stream0_IRQHandler
                0x08002dbc                TIM4_IRQHandler
                0x08002dbc                I2C1_EV_IRQHandler
                0x08002dbc                DMA1_Stream6_IRQHandler
                0x08002dbc                DMA1_Stream1_IRQHandler
                0x08002dbc                UART4_IRQHandler
                0x08002dbc                TIM3_IRQHandler
                0x08002dbc                RCC_IRQHandler
                0x08002dbc                TIM8_BRK_TIM12_IRQHandler
                0x08002dbc                Default_Handler
                0x08002dbc                EXTI15_10_IRQHandler
                0x08002dbc                ADC_IRQHandler
                0x08002dbc                DMA1_Stream7_IRQHandler
                0x08002dbc                SPI5_IRQHandler
                0x08002dbc                TIM7_IRQHandler
                0x08002dbc                CAN2_TX_IRQHandler
                0x08002dbc                TIM5_IRQHandler
                0x08002dbc                DMA2_Stream7_IRQHandler
                0x08002dbc                I2C3_EV_IRQHandler
                0x08002dbc                EXTI9_5_IRQHandler
                0x08002dbc                RTC_WKUP_IRQHandler
                0x08002dbc                LTDC_IRQHandler
                0x08002dbc                ETH_WKUP_IRQHandler
                0x08002dbc                SPI2_IRQHandler
                0x08002dbc                OTG_HS_EP1_IN_IRQHandler
                0x08002dbc                DMA1_Stream0_IRQHandler
                0x08002dbc                CAN1_TX_IRQHandler
                0x08002dbc                EXTI4_IRQHandler
                0x08002dbc                ETH_IRQHandler
                0x08002dbc                OTG_HS_EP1_OUT_IRQHandler
                0x08002dbc                WWDG_IRQHandler
                0x08002dbc                SPI6_IRQHandler
                0x08002dbc                TIM2_IRQHandler
                0x08002dbc                OTG_FS_WKUP_IRQHandler
                0x08002dbc                TIM1_TRG_COM_TIM11_IRQHandler
                0x08002dbc                OTG_HS_IRQHandler
                0x08002dbc                DMA2D_IRQHandler
                0x08002dbc                EXTI1_IRQHandler
                0x08002dbc                UART7_IRQHandler
                0x08002dbc                USART2_IRQHandler
                0x08002dbc                I2C2_ER_IRQHandler
                0x08002dbc                DMA2_Stream1_IRQHandler
                0x08002dbc                CAN1_SCE_IRQHandler
                0x08002dbc                FLASH_IRQHandler
                0x08002dbc                DMA2_Stream4_IRQHandler
                0x08002dbc                USART1_IRQHandler
                0x08002dbc                OTG_FS_IRQHandler
                0x08002dbc                SPI3_IRQHandler
                0x08002dbc                DMA1_Stream4_IRQHandler
                0x08002dbc                I2C1_ER_IRQHandler
                0x08002dbc                FMC_IRQHandler
                0x08002dbc                DMA2_Stream6_IRQHandler
                0x08002dbc                SAI1_IRQHandler
                0x08002dbc                DMA1_Stream3_IRQHandler
 *fill*         0x08002dbe        0x2 
 .text.HAL_Init
                0x08002dc0       0x44 ./Drivers/STM32F4xx_HAL_Driver/Src/stm32f4xx_hal.o
                0x08002dc0                HAL_Init
 .text.HAL_InitTick
                0x08002e04       0x60 ./Drivers/STM32F4xx_HAL_Driver/Src/stm32f4xx_hal.o
                0x08002e04                HAL_InitTick
 .text.HAL_IncTick
                0x08002e64       0x24 ./Drivers/STM32F4xx_HAL_Driver/Src/stm32f4xx_hal.o
                0x08002e64                HAL_IncTick
 .text.HAL_GetTick
                0x08002e88       0x14 ./Drivers/STM32F4xx_HAL_Driver/Src/stm32f4xx_hal.o
                0x08002e88                HAL_GetTick
 .text.HAL_Delay
                0x08002e9c       0x48 ./Drivers/STM32F4xx_HAL_Driver/Src/stm32f4xx_hal.o
                0x08002e9c                HAL_Delay
 .text.__NVIC_SetPriorityGrouping
                0x08002ee4       0x48 ./Drivers/STM32F4xx_HAL_Driver/Src/stm32f4xx_hal_cortex.o
 .text.__NVIC_GetPriorityGrouping
                0x08002f2c       0x1c ./Drivers/STM32F4xx_HAL_Driver/Src/stm32f4xx_hal_cortex.o
 .text.__NVIC_SetPriority
                0x08002f48       0x54 ./Drivers/STM32F4xx_HAL_Driver/Src/stm32f4xx_hal_cortex.o
 .text.NVIC_EncodePriority
                0x08002f9c       0x64 ./Drivers/STM32F4xx_HAL_Driver/Src/stm32f4xx_hal_cortex.o
 .text.SysTick_Config
                0x08003000       0x44 ./Drivers/STM32F4xx_HAL_Driver/Src/stm32f4xx_hal_cortex.o
 .text.HAL_NVIC_SetPriorityGrouping
                0x08003044       0x16 ./Drivers/STM32F4xx_HAL_Driver/Src/stm32f4xx_hal_cortex.o
                0x08003044                HAL_NVIC_SetPriorityGrouping
 .text.HAL_NVIC_SetPriority
                0x0800305a       0x38 ./Drivers/STM32F4xx_HAL_Driver/Src/stm32f4xx_hal_cortex.o
                0x0800305a                HAL_NVIC_SetPriority
 .text.HAL_SYSTICK_Config
                0x08003092       0x18 ./Drivers/STM32F4xx_HAL_Driver/Src/stm32f4xx_hal_cortex.o
                0x08003092                HAL_SYSTICK_Config
 *fill*         0x080030aa        0x2 
 .text.HAL_GPIO_Init
                0x080030ac      0x354 ./Drivers/STM32F4xx_HAL_Driver/Src/stm32f4xx_hal_gpio.o
                0x080030ac                HAL_GPIO_Init
 .text.HAL_GPIO_DeInit
                0x08003400      0x214 ./Drivers/STM32F4xx_HAL_Driver/Src/stm32f4xx_hal_gpio.o
                0x08003400                HAL_GPIO_DeInit
 .text.HAL_GPIO_ReadPin
                0x08003614       0x2e ./Drivers/STM32F4xx_HAL_Driver/Src/stm32f4xx_hal_gpio.o
                0x08003614                HAL_GPIO_ReadPin
 .text.HAL_GPIO_WritePin
                0x08003642       0x30 ./Drivers/STM32F4xx_HAL_Driver/Src/stm32f4xx_hal_gpio.o
                0x08003642                HAL_GPIO_WritePin
 *fill*         0x08003672        0x2 
 .text.HAL_I2C_Init
                0x08003674      0x288 ./Drivers/STM32F4xx_HAL_Driver/Src/stm32f4xx_hal_i2c.o
                0x08003674                HAL_I2C_Init
 .text.HAL_I2C_Mem_Write
                0x080038fc      0x1f4 ./Drivers/STM32F4xx_HAL_Driver/Src/stm32f4xx_hal_i2c.o
                0x080038fc                HAL_I2C_Mem_Write
 .text.HAL_I2C_Mem_Read
                0x08003af0      0x464 ./Drivers/STM32F4xx_HAL_Driver/Src/stm32f4xx_hal_i2c.o
                0x08003af0                HAL_I2C_Mem_Read
 .text.I2C_RequestMemoryWrite
                0x08003f54      0x12c ./Drivers/STM32F4xx_HAL_Driver/Src/stm32f4xx_hal_i2c.o
 .text.I2C_RequestMemoryRead
                0x08004080      0x1d0 ./Drivers/STM32F4xx_HAL_Driver/Src/stm32f4xx_hal_i2c.o
 .text.I2C_WaitOnFlagUntilTimeout
                0x08004250       0xf4 ./Drivers/STM32F4xx_HAL_Driver/Src/stm32f4xx_hal_i2c.o
 .text.I2C_WaitOnMasterAddressFlagUntilTimeout
                0x08004344      0x140 ./Drivers/STM32F4xx_HAL_Driver/Src/stm32f4xx_hal_i2c.o
 .text.I2C_WaitOnTXEFlagUntilTimeout
                0x08004484       0x90 ./Drivers/STM32F4xx_HAL_Driver/Src/stm32f4xx_hal_i2c.o
 .text.I2C_WaitOnBTFFlagUntilTimeout
                0x08004514       0x90 ./Drivers/STM32F4xx_HAL_Driver/Src/stm32f4xx_hal_i2c.o
 .text.I2C_WaitOnRXNEFlagUntilTimeout
                0x080045a4       0xba ./Drivers/STM32F4xx_HAL_Driver/Src/stm32f4xx_hal_i2c.o
 .text.I2C_IsAcknowledgeFailed
                0x0800465e       0x5c ./Drivers/STM32F4xx_HAL_Driver/Src/stm32f4xx_hal_i2c.o
 *fill*         0x080046ba        0x2 
 .text.HAL_LTDC_Init
                0x080046bc      0x1a0 ./Drivers/STM32F4xx_HAL_Driver/Src/stm32f4xx_hal_ltdc.o
                0x080046bc                HAL_LTDC_Init
 .text.HAL_LTDC_ConfigLayer
                0x0800485c       0x7c ./Drivers/STM32F4xx_HAL_Driver/Src/stm32f4xx_hal_ltdc.o
                0x0800485c                HAL_LTDC_ConfigLayer
 .text.LTDC_SetConfig
                0x080048d8      0x32c ./Drivers/STM32F4xx_HAL_Driver/Src/stm32f4xx_hal_ltdc.o
 .text.HAL_RCC_OscConfig
                0x08004c04      0x4f0 ./Drivers/STM32F4xx_HAL_Driver/Src/stm32f4xx_hal_rcc.o
                0x08004c04                HAL_RCC_OscConfig
 .text.HAL_RCC_ClockConfig
                0x080050f4      0x1cc ./Drivers/STM32F4xx_HAL_Driver/Src/stm32f4xx_hal_rcc.o
                0x080050f4                HAL_RCC_ClockConfig
 .text.HAL_RCC_GetSysClockFreq
                0x080052c0      0x218 ./Drivers/STM32F4xx_HAL_Driver/Src/stm32f4xx_hal_rcc.o
                0x080052c0                HAL_RCC_GetSysClockFreq
 .text.HAL_RCC_GetHCLKFreq
                0x080054d8       0x14 ./Drivers/STM32F4xx_HAL_Driver/Src/stm32f4xx_hal_rcc.o
                0x080054d8                HAL_RCC_GetHCLKFreq
 .text.HAL_RCC_GetPCLK1Freq
                0x080054ec       0x28 ./Drivers/STM32F4xx_HAL_Driver/Src/stm32f4xx_hal_rcc.o
                0x080054ec                HAL_RCC_GetPCLK1Freq
 .text.HAL_RCCEx_PeriphCLKConfig
                0x08005514      0x380 ./Drivers/STM32F4xx_HAL_Driver/Src/stm32f4xx_hal_rcc_ex.o
                0x08005514                HAL_RCCEx_PeriphCLKConfig
 .text.HAL_RNG_Init
                0x08005894       0x54 ./Drivers/STM32F4xx_HAL_Driver/Src/stm32f4xx_hal_rng.o
                0x08005894                HAL_RNG_Init
 .text.HAL_RNG_GenerateRandomNumber
                0x080058e8       0xac ./Drivers/STM32F4xx_HAL_Driver/Src/stm32f4xx_hal_rng.o
                0x080058e8                HAL_RNG_GenerateRandomNumber
 .text.HAL_SPI_Init
                0x08005994      0x112 ./Drivers/STM32F4xx_HAL_Driver/Src/stm32f4xx_hal_spi.o
                0x08005994                HAL_SPI_Init
 .text.HAL_SPI_DeInit
                0x08005aa6       0x50 ./Drivers/STM32F4xx_HAL_Driver/Src/stm32f4xx_hal_spi.o
                0x08005aa6                HAL_SPI_DeInit
 .text.HAL_SPI_Transmit
                0x08005af6      0x286 ./Drivers/STM32F4xx_HAL_Driver/Src/stm32f4xx_hal_spi.o
                0x08005af6                HAL_SPI_Transmit
 .text.HAL_SPI_GetState
                0x08005d7c       0x1a ./Drivers/STM32F4xx_HAL_Driver/Src/stm32f4xx_hal_spi.o
                0x08005d7c                HAL_SPI_GetState
 *fill*         0x08005d96        0x2 
 .text.SPI_WaitFlagStateUntilTimeout
                0x08005d98      0x110 ./Drivers/STM32F4xx_HAL_Driver/Src/stm32f4xx_hal_spi.o
 .text.SPI_EndRxTxTransaction
                0x08005ea8       0xa8 ./Drivers/STM32F4xx_HAL_Driver/Src/stm32f4xx_hal_spi.o
 .text.__itoa   0x08005f50       0x30 C:/ST/STM32CubeIDE_1.16.1/STM32CubeIDE/plugins/com.st.stm32cube.ide.mcu.externaltools.gnu-tools-for-stm32.12.3.rel1.win32_1.0.200.202406191623/tools/bin/../lib/gcc/arm-none-eabi/12.3.1/../../../../arm-none-eabi/lib/thumb/v7e-m/nofp\libc_nano.a(libc_a-itoa.o)
                0x08005f50                __itoa
 .text.itoa     0x08005f80        0x4 C:/ST/STM32CubeIDE_1.16.1/STM32CubeIDE/plugins/com.st.stm32cube.ide.mcu.externaltools.gnu-tools-for-stm32.12.3.rel1.win32_1.0.200.202406191623/tools/bin/../lib/gcc/arm-none-eabi/12.3.1/../../../../arm-none-eabi/lib/thumb/v7e-m/nofp\libc_nano.a(libc_a-itoa.o)
                0x08005f80                itoa
 .text.__utoa   0x08005f84       0x84 C:/ST/STM32CubeIDE_1.16.1/STM32CubeIDE/plugins/com.st.stm32cube.ide.mcu.externaltools.gnu-tools-for-stm32.12.3.rel1.win32_1.0.200.202406191623/tools/bin/../lib/gcc/arm-none-eabi/12.3.1/../../../../arm-none-eabi/lib/thumb/v7e-m/nofp\libc_nano.a(libc_a-utoa.o)
                0x08005f84                __utoa
 .text.memset   0x08006008       0x10 C:/ST/STM32CubeIDE_1.16.1/STM32CubeIDE/plugins/com.st.stm32cube.ide.mcu.externaltools.gnu-tools-for-stm32.12.3.rel1.win32_1.0.200.202406191623/tools/bin/../lib/gcc/arm-none-eabi/12.3.1/../../../../arm-none-eabi/lib/thumb/v7e-m/nofp\libc_nano.a(libc_a-memset.o)
                0x08006008                memset
 .text.__libc_init_array
                0x08006018       0x48 C:/ST/STM32CubeIDE_1.16.1/STM32CubeIDE/plugins/com.st.stm32cube.ide.mcu.externaltools.gnu-tools-for-stm32.12.3.rel1.win32_1.0.200.202406191623/tools/bin/../lib/gcc/arm-none-eabi/12.3.1/../../../../arm-none-eabi/lib/thumb/v7e-m/nofp\libc_nano.a(libc_a-init.o)
                0x08006018                __libc_init_array
 *(.glue_7)
 .glue_7        0x08006060        0x0 linker stubs
 *(.glue_7t)
 .glue_7t       0x08006060        0x0 linker stubs
 *(.eh_frame)
 .eh_frame      0x08006060        0x0 C:/ST/STM32CubeIDE_1.16.1/STM32CubeIDE/plugins/com.st.stm32cube.ide.mcu.externaltools.gnu-tools-for-stm32.12.3.rel1.win32_1.0.200.202406191623/tools/bin/../lib/gcc/arm-none-eabi/12.3.1/thumb/v7e-m/nofp/crtbegin.o
 *(.init)
 .init          0x08006060        0x4 C:/ST/STM32CubeIDE_1.16.1/STM32CubeIDE/plugins/com.st.stm32cube.ide.mcu.externaltools.gnu-tools-for-stm32.12.3.rel1.win32_1.0.200.202406191623/tools/bin/../lib/gcc/arm-none-eabi/12.3.1/thumb/v7e-m/nofp/crti.o
                0x08006060                _init
 .init          0x08006064        0x8 C:/ST/STM32CubeIDE_1.16.1/STM32CubeIDE/plugins/com.st.stm32cube.ide.mcu.externaltools.gnu-tools-for-stm32.12.3.rel1.win32_1.0.200.202406191623/tools/bin/../lib/gcc/arm-none-eabi/12.3.1/thumb/v7e-m/nofp/crtn.o
 *(.fini)
 .fini          0x0800606c        0x4 C:/ST/STM32CubeIDE_1.16.1/STM32CubeIDE/plugins/com.st.stm32cube.ide.mcu.externaltools.gnu-tools-for-stm32.12.3.rel1.win32_1.0.200.202406191623/tools/bin/../lib/gcc/arm-none-eabi/12.3.1/thumb/v7e-m/nofp/crti.o
                0x0800606c                _fini
 .fini          0x08006070        0x8 C:/ST/STM32CubeIDE_1.16.1/STM32CubeIDE/plugins/com.st.stm32cube.ide.mcu.externaltools.gnu-tools-for-stm32.12.3.rel1.win32_1.0.200.202406191623/tools/bin/../lib/gcc/arm-none-eabi/12.3.1/thumb/v7e-m/nofp/crtn.o
                0x08006078                        . = ALIGN (0x4)
                0x08006078                        _etext = .

.vfp11_veneer   0x08006078        0x0
 .vfp11_veneer  0x08006078        0x0 linker stubs

.v4_bx          0x08006078        0x0
 .v4_bx         0x08006078        0x0 linker stubs

.iplt           0x08006078        0x0
 .iplt          0x08006078        0x0 C:/ST/STM32CubeIDE_1.16.1/STM32CubeIDE/plugins/com.st.stm32cube.ide.mcu.externaltools.gnu-tools-for-stm32.12.3.rel1.win32_1.0.200.202406191623/tools/bin/../lib/gcc/arm-none-eabi/12.3.1/thumb/v7e-m/nofp/crtbegin.o

.rodata         0x08006078     0x1250
                0x08006078                        . = ALIGN (0x4)
 *(.rodata)
 .rodata        0x08006078       0x33 ./Core/Src/GameMenu_Driver.o
 *fill*         0x080060ab        0x1 
 .rodata        0x080060ac        0xa ./Core/Src/Tetris_Driver.o
 *(.rodata*)
 *fill*         0x080060b6        0x2 
 .rodata.ASCII16x24_Table
                0x080060b8     0x11d0 ./Core/Src/fonts.o
                0x080060b8                ASCII16x24_Table
 .rodata.AHBPrescTable
                0x08007288       0x10 ./Core/Src/system_stm32f4xx.o
                0x08007288                AHBPrescTable
 .rodata.APBPrescTable
                0x08007298        0x8 ./Core/Src/system_stm32f4xx.o
                0x08007298                APBPrescTable
 .rodata.__utoa.str1.1
                0x080072a0       0x25 C:/ST/STM32CubeIDE_1.16.1/STM32CubeIDE/plugins/com.st.stm32cube.ide.mcu.externaltools.gnu-tools-for-stm32.12.3.rel1.win32_1.0.200.202406191623/tools/bin/../lib/gcc/arm-none-eabi/12.3.1/../../../../arm-none-eabi/lib/thumb/v7e-m/nofp\libc_nano.a(libc_a-utoa.o)
                0x080072c8                        . = ALIGN (0x4)
 *fill*         0x080072c5        0x3 

.ARM.extab      0x080072c8        0x0
                0x080072c8                        . = ALIGN (0x4)
 *(.ARM.extab* .gnu.linkonce.armextab.*)
                0x080072c8                        . = ALIGN (0x4)

.ARM            0x080072c8        0x8
                0x080072c8                        . = ALIGN (0x4)
                0x080072c8                        __exidx_start = .
 *(.ARM.exidx*)
 .ARM.exidx     0x080072c8        0x8 C:/ST/STM32CubeIDE_1.16.1/STM32CubeIDE/plugins/com.st.stm32cube.ide.mcu.externaltools.gnu-tools-for-stm32.12.3.rel1.win32_1.0.200.202406191623/tools/bin/../lib/gcc/arm-none-eabi/12.3.1/thumb/v7e-m/nofp\libgcc.a(_udivmoddi4.o)
                0x080072d0                        __exidx_end = .
                0x080072d0                        . = ALIGN (0x4)

.rel.dyn        0x080072d0        0x0
 .rel.iplt      0x080072d0        0x0 C:/ST/STM32CubeIDE_1.16.1/STM32CubeIDE/plugins/com.st.stm32cube.ide.mcu.externaltools.gnu-tools-for-stm32.12.3.rel1.win32_1.0.200.202406191623/tools/bin/../lib/gcc/arm-none-eabi/12.3.1/thumb/v7e-m/nofp/crtbegin.o

.preinit_array  0x080072d0        0x0
                0x080072d0                        . = ALIGN (0x4)
                0x080072d0                        PROVIDE (__preinit_array_start = .)
 *(.preinit_array*)
                0x080072d0                        PROVIDE (__preinit_array_end = .)
                0x080072d0                        . = ALIGN (0x4)

.init_array     0x080072d0        0x4
                0x080072d0                        . = ALIGN (0x4)
                0x080072d0                        PROVIDE (__init_array_start = .)
 *(SORT_BY_NAME(.init_array.*))
 *(.init_array*)
 .init_array    0x080072d0        0x4 C:/ST/STM32CubeIDE_1.16.1/STM32CubeIDE/plugins/com.st.stm32cube.ide.mcu.externaltools.gnu-tools-for-stm32.12.3.rel1.win32_1.0.200.202406191623/tools/bin/../lib/gcc/arm-none-eabi/12.3.1/thumb/v7e-m/nofp/crtbegin.o
                0x080072d4                        PROVIDE (__init_array_end = .)
                0x080072d4                        . = ALIGN (0x4)

.fini_array     0x080072d4        0x4
                0x080072d4                        . = ALIGN (0x4)
                [!provide]                        PROVIDE (__fini_array_start = .)
 *(SORT_BY_NAME(.fini_array.*))
 *(.fini_array*)
 .fini_array    0x080072d4        0x4 C:/ST/STM32CubeIDE_1.16.1/STM32CubeIDE/plugins/com.st.stm32cube.ide.mcu.externaltools.gnu-tools-for-stm32.12.3.rel1.win32_1.0.200.202406191623/tools/bin/../lib/gcc/arm-none-eabi/12.3.1/thumb/v7e-m/nofp/crtbegin.o
                [!provide]                        PROVIDE (__fini_array_end = .)
                0x080072d8                        . = ALIGN (0x4)
                0x080072d8                        _sidata = LOADADDR (.data)

.data           0x20000000      0x1dc load address 0x080072d8
                0x20000000                        . = ALIGN (0x4)
                0x20000000                        _sdata = .
 *(.data)
 *(.data*)
 .data.CurrentTextColor
                0x20000000        0x2 ./Core/Src/LCD_Driver.o
 *fill*         0x20000002        0x2 
 .data.Tetriminoes
                0x20000004      0x1c0 ./Core/Src/Tetris_Driver.o
                0x20000004                Tetriminoes
 .data.Font16x24
                0x200001c4        0x8 ./Core/Src/fonts.o
                0x200001c4                Font16x24
 .data.SpiTimeout
                0x200001cc        0x4 ./Core/Src/ili9341.o
                0x200001cc                SpiTimeout
 .data.SystemCoreClock
                0x200001d0        0x4 ./Core/Src/system_stm32f4xx.o
                0x200001d0                SystemCoreClock
 .data.uwTickPrio
                0x200001d4        0x4 ./Drivers/STM32F4xx_HAL_Driver/Src/stm32f4xx_hal.o
                0x200001d4                uwTickPrio
 .data.uwTickFreq
                0x200001d8        0x1 ./Drivers/STM32F4xx_HAL_Driver/Src/stm32f4xx_hal.o
                0x200001d8                uwTickFreq
 *(.RamFunc)
 *(.RamFunc*)
                0x200001dc                        . = ALIGN (0x4)
 *fill*         0x200001d9        0x3 
                0x200001dc                        _edata = .
                0x080074b4                        _siccmram = LOADADDR (.ccmram)

.igot.plt       0x200001dc        0x0 load address 0x080074b4
 .igot.plt      0x200001dc        0x0 C:/ST/STM32CubeIDE_1.16.1/STM32CubeIDE/plugins/com.st.stm32cube.ide.mcu.externaltools.gnu-tools-for-stm32.12.3.rel1.win32_1.0.200.202406191623/tools/bin/../lib/gcc/arm-none-eabi/12.3.1/thumb/v7e-m/nofp/crtbegin.o

.ccmram         0x10000000        0x0 load address 0x080074b4
                0x10000000                        . = ALIGN (0x4)
                0x10000000                        _sccmram = .
 *(.ccmram)
 *(.ccmram*)
                0x10000000                        . = ALIGN (0x4)
                0x10000000                        _eccmram = .
                0x10000000                        . = ALIGN (0x4)

.bss            0x200001dc    0x25b80
                0x200001dc                        _sbss = .
                0x200001dc                        __bss_start__ = _sbss
 *(.bss)
 .bss           0x200001dc       0x1c C:/ST/STM32CubeIDE_1.16.1/STM32CubeIDE/plugins/com.st.stm32cube.ide.mcu.externaltools.gnu-tools-for-stm32.12.3.rel1.win32_1.0.200.202406191623/tools/bin/../lib/gcc/arm-none-eabi/12.3.1/thumb/v7e-m/nofp/crtbegin.o
 *(.bss*)
 .bss.StaticTouchData
                0x200001f8        0x8 ./Core/Src/ApplicationCode.o
 .bss.BtnConfig
                0x20000200       0x14 ./Core/Src/Button_Driver.o
                0x20000200                BtnConfig
 .bss.StaticTouchData
                0x20000214        0x8 ./Core/Src/GameMenu_Driver.o
 .bss.hltdc     0x2000021c       0xa8 ./Core/Src/LCD_Driver.o
 .bss.PeriphClkInitStruct
                0x200002c4       0x30 ./Core/Src/LCD_Driver.o
 .bss.LCD_Currentfonts
                0x200002f4        0x4 ./Core/Src/LCD_Driver.o
 .bss.frameBuffer
                0x200002f8    0x25800 ./Core/Src/LCD_Driver.o
                0x200002f8                frameBuffer
 .bss.RNGConfig
                0x20025af8       0x10 ./Core/Src/RNG_Driver.o
 .bss.scheduledEvents
                0x20025b08        0x4 ./Core/Src/Scheduler.o
 .bss.grid      0x20025b0c      0x190 ./Core/Src/Tetris_Driver.o
                0x20025b0c                grid
 .bss.SpiHandle
                0x20025c9c       0x58 ./Core/Src/ili9341.o
 .bss.Is_LCD_IO_Initialized
                0x20025cf4        0x1 ./Core/Src/ili9341.o
 *fill*         0x20025cf5        0x3 
 .bss.StaticTouchData.0
                0x20025cf8        0x8 ./Core/Src/main.o
 .bss.hI2C3     0x20025d00       0x54 ./Core/Src/stmpe811.o
 .bss.HAL_status
                0x20025d54        0x1 ./Core/Src/stmpe811.o
 *fill*         0x20025d55        0x3 
 .bss.uwTick    0x20025d58        0x4 ./Drivers/STM32F4xx_HAL_Driver/Src/stm32f4xx_hal.o
                0x20025d58                uwTick
 *(COMMON)
                0x20025d5c                        . = ALIGN (0x4)
                0x20025d5c                        _ebss = .
                0x20025d5c                        __bss_end__ = _ebss

._user_heap_stack
                0x20025d5c      0x604
                0x20025d60                        . = ALIGN (0x8)
 *fill*         0x20025d5c        0x4 
                0x20025d60                        PROVIDE (end = .)
                0x20025d60                        PROVIDE (_end = .)
                0x20025f60                        . = (. + _Min_Heap_Size)
 *fill*         0x20025d60      0x200 
                0x20026360                        . = (. + _Min_Stack_Size)
 *fill*         0x20025f60      0x400 
                0x20026360                        . = ALIGN (0x8)

/DISCARD/
 libc.a(*)
 libm.a(*)
 libgcc.a(*)

.ARM.attributes
                0x00000000       0x2a
 *(.ARM.attributes)
 .ARM.attributes
                0x00000000       0x1e C:/ST/STM32CubeIDE_1.16.1/STM32CubeIDE/plugins/com.st.stm32cube.ide.mcu.externaltools.gnu-tools-for-stm32.12.3.rel1.win32_1.0.200.202406191623/tools/bin/../lib/gcc/arm-none-eabi/12.3.1/thumb/v7e-m/nofp/crti.o
 .ARM.attributes
                0x0000001e       0x2e C:/ST/STM32CubeIDE_1.16.1/STM32CubeIDE/plugins/com.st.stm32cube.ide.mcu.externaltools.gnu-tools-for-stm32.12.3.rel1.win32_1.0.200.202406191623/tools/bin/../lib/gcc/arm-none-eabi/12.3.1/thumb/v7e-m/nofp/crtbegin.o
 .ARM.attributes
                0x0000004c       0x2e ./Core/Src/ApplicationCode.o
 .ARM.attributes
                0x0000007a       0x2e ./Core/Src/Button_Driver.o
 .ARM.attributes
                0x000000a8       0x2e ./Core/Src/GameMenu_Driver.o
 .ARM.attributes
                0x000000d6       0x2e ./Core/Src/LCD_Driver.o
 .ARM.attributes
                0x00000104       0x2e ./Core/Src/RNG_Driver.o
 .ARM.attributes
                0x00000132       0x2e ./Core/Src/Scheduler.o
 .ARM.attributes
                0x00000160       0x2e ./Core/Src/Tetris_Driver.o
 .ARM.attributes
                0x0000018e       0x2e ./Core/Src/fonts.o
 .ARM.attributes
                0x000001bc       0x2e ./Core/Src/ili9341.o
 .ARM.attributes
                0x000001ea       0x2e ./Core/Src/main.o
 .ARM.attributes
                0x00000218       0x2e ./Core/Src/stm32f4xx_hal_msp.o
 .ARM.attributes
                0x00000246       0x2e ./Core/Src/stm32f4xx_it.o
 .ARM.attributes
                0x00000274       0x2e ./Core/Src/stmpe811.o
 .ARM.attributes
                0x000002a2       0x2e ./Core/Src/system_stm32f4xx.o
 .ARM.attributes
                0x000002d0       0x21 ./Core/Startup/startup_stm32f429zitx.o
 .ARM.attributes
                0x000002f1       0x2e ./Drivers/STM32F4xx_HAL_Driver/Src/stm32f4xx_hal.o
 .ARM.attributes
                0x0000031f       0x2e ./Drivers/STM32F4xx_HAL_Driver/Src/stm32f4xx_hal_cortex.o
 .ARM.attributes
                0x0000034d       0x2e ./Drivers/STM32F4xx_HAL_Driver/Src/stm32f4xx_hal_gpio.o
 .ARM.attributes
                0x0000037b       0x2e ./Drivers/STM32F4xx_HAL_Driver/Src/stm32f4xx_hal_i2c.o
 .ARM.attributes
                0x000003a9       0x2e ./Drivers/STM32F4xx_HAL_Driver/Src/stm32f4xx_hal_ltdc.o
 .ARM.attributes
                0x000003d7       0x2e ./Drivers/STM32F4xx_HAL_Driver/Src/stm32f4xx_hal_rcc.o
 .ARM.attributes
                0x00000405       0x2e ./Drivers/STM32F4xx_HAL_Driver/Src/stm32f4xx_hal_rcc_ex.o
 .ARM.attributes
                0x00000433       0x2e ./Drivers/STM32F4xx_HAL_Driver/Src/stm32f4xx_hal_rng.o
 .ARM.attributes
                0x00000461       0x2e ./Drivers/STM32F4xx_HAL_Driver/Src/stm32f4xx_hal_spi.o
 .ARM.attributes
                0x0000048f       0x2e C:/ST/STM32CubeIDE_1.16.1/STM32CubeIDE/plugins/com.st.stm32cube.ide.mcu.externaltools.gnu-tools-for-stm32.12.3.rel1.win32_1.0.200.202406191623/tools/bin/../lib/gcc/arm-none-eabi/12.3.1/../../../../arm-none-eabi/lib/thumb/v7e-m/nofp\libc_nano.a(libc_a-itoa.o)
 .ARM.attributes
                0x000004bd       0x2e C:/ST/STM32CubeIDE_1.16.1/STM32CubeIDE/plugins/com.st.stm32cube.ide.mcu.externaltools.gnu-tools-for-stm32.12.3.rel1.win32_1.0.200.202406191623/tools/bin/../lib/gcc/arm-none-eabi/12.3.1/../../../../arm-none-eabi/lib/thumb/v7e-m/nofp\libc_nano.a(libc_a-utoa.o)
 .ARM.attributes
                0x000004eb       0x2e C:/ST/STM32CubeIDE_1.16.1/STM32CubeIDE/plugins/com.st.stm32cube.ide.mcu.externaltools.gnu-tools-for-stm32.12.3.rel1.win32_1.0.200.202406191623/tools/bin/../lib/gcc/arm-none-eabi/12.3.1/../../../../arm-none-eabi/lib/thumb/v7e-m/nofp\libc_nano.a(libc_a-memset.o)
 .ARM.attributes
                0x00000519       0x2e C:/ST/STM32CubeIDE_1.16.1/STM32CubeIDE/plugins/com.st.stm32cube.ide.mcu.externaltools.gnu-tools-for-stm32.12.3.rel1.win32_1.0.200.202406191623/tools/bin/../lib/gcc/arm-none-eabi/12.3.1/../../../../arm-none-eabi/lib/thumb/v7e-m/nofp\libc_nano.a(libc_a-init.o)
 .ARM.attributes
                0x00000547       0x1e C:/ST/STM32CubeIDE_1.16.1/STM32CubeIDE/plugins/com.st.stm32cube.ide.mcu.externaltools.gnu-tools-for-stm32.12.3.rel1.win32_1.0.200.202406191623/tools/bin/../lib/gcc/arm-none-eabi/12.3.1/thumb/v7e-m/nofp\libgcc.a(_aeabi_uldivmod.o)
 .ARM.attributes
                0x00000565       0x2e C:/ST/STM32CubeIDE_1.16.1/STM32CubeIDE/plugins/com.st.stm32cube.ide.mcu.externaltools.gnu-tools-for-stm32.12.3.rel1.win32_1.0.200.202406191623/tools/bin/../lib/gcc/arm-none-eabi/12.3.1/thumb/v7e-m/nofp\libgcc.a(_udivmoddi4.o)
 .ARM.attributes
                0x00000593       0x1e C:/ST/STM32CubeIDE_1.16.1/STM32CubeIDE/plugins/com.st.stm32cube.ide.mcu.externaltools.gnu-tools-for-stm32.12.3.rel1.win32_1.0.200.202406191623/tools/bin/../lib/gcc/arm-none-eabi/12.3.1/thumb/v7e-m/nofp\libgcc.a(_dvmd_tls.o)
 .ARM.attributes
                0x000005b1       0x1e C:/ST/STM32CubeIDE_1.16.1/STM32CubeIDE/plugins/com.st.stm32cube.ide.mcu.externaltools.gnu-tools-for-stm32.12.3.rel1.win32_1.0.200.202406191623/tools/bin/../lib/gcc/arm-none-eabi/12.3.1/thumb/v7e-m/nofp/crtn.o
OUTPUT(JLiaoTetris.elf elf32-littlearm)
LOAD linker stubs
LOAD C:/ST/STM32CubeIDE_1.16.1/STM32CubeIDE/plugins/com.st.stm32cube.ide.mcu.externaltools.gnu-tools-for-stm32.12.3.rel1.win32_1.0.200.202406191623/tools/bin/../lib/gcc/arm-none-eabi/12.3.1/../../../../arm-none-eabi/lib/thumb/v7e-m/nofp\libc.a
LOAD C:/ST/STM32CubeIDE_1.16.1/STM32CubeIDE/plugins/com.st.stm32cube.ide.mcu.externaltools.gnu-tools-for-stm32.12.3.rel1.win32_1.0.200.202406191623/tools/bin/../lib/gcc/arm-none-eabi/12.3.1/../../../../arm-none-eabi/lib/thumb/v7e-m/nofp\libm.a
LOAD C:/ST/STM32CubeIDE_1.16.1/STM32CubeIDE/plugins/com.st.stm32cube.ide.mcu.externaltools.gnu-tools-for-stm32.12.3.rel1.win32_1.0.200.202406191623/tools/bin/../lib/gcc/arm-none-eabi/12.3.1/thumb/v7e-m/nofp\libgcc.a

.debug_info     0x00000000     0xe425
 .debug_info    0x00000000      0x1e6 ./Core/Src/ApplicationCode.o
 .debug_info    0x000001e6      0x857 ./Core/Src/Button_Driver.o
 .debug_info    0x00000a3d      0x3dd ./Core/Src/GameMenu_Driver.o
 .debug_info    0x00000e1a     0x11a3 ./Core/Src/LCD_Driver.o
 .debug_info    0x00001fbd      0x3f8 ./Core/Src/RNG_Driver.o
 .debug_info    0x000023b5      0x117 ./Core/Src/Scheduler.o
 .debug_info    0x000024cc      0x6b7 ./Core/Src/Tetris_Driver.o
 .debug_info    0x00002b83      0x145 ./Core/Src/fonts.o
 .debug_info    0x00002cc8      0xc71 ./Core/Src/ili9341.o
 .debug_info    0x00003939      0x856 ./Core/Src/main.o
 .debug_info    0x0000418f     0x1438 ./Core/Src/stm32f4xx_hal_msp.o
 .debug_info    0x000055c7      0x112 ./Core/Src/stm32f4xx_it.o
 .debug_info    0x000056d9      0xdd8 ./Core/Src/stmpe811.o
 .debug_info    0x000064b1      0x337 ./Core/Src/system_stm32f4xx.o
 .debug_info    0x000067e8       0x30 ./Core/Startup/startup_stm32f429zitx.o
 .debug_info    0x00006818      0x9ba ./Drivers/STM32F4xx_HAL_Driver/Src/stm32f4xx_hal.o
 .debug_info    0x000071d2      0xd8d ./Drivers/STM32F4xx_HAL_Driver/Src/stm32f4xx_hal_cortex.o
 .debug_info    0x00007f5f      0x6db ./Drivers/STM32F4xx_HAL_Driver/Src/stm32f4xx_hal_gpio.o
 .debug_info    0x0000863a     0x2421 ./Drivers/STM32F4xx_HAL_Driver/Src/stm32f4xx_hal_i2c.o
 .debug_info    0x0000aa5b     0x1022 ./Drivers/STM32F4xx_HAL_Driver/Src/stm32f4xx_hal_ltdc.o
 .debug_info    0x0000ba7d      0x8c9 ./Drivers/STM32F4xx_HAL_Driver/Src/stm32f4xx_hal_rcc.o
 .debug_info    0x0000c346      0x651 ./Drivers/STM32F4xx_HAL_Driver/Src/stm32f4xx_hal_rcc_ex.o
 .debug_info    0x0000c997      0x493 ./Drivers/STM32F4xx_HAL_Driver/Src/stm32f4xx_hal_rng.o
 .debug_info    0x0000ce2a     0x15fb ./Drivers/STM32F4xx_HAL_Driver/Src/stm32f4xx_hal_spi.o

.debug_abbrev   0x00000000     0x2cdf
 .debug_abbrev  0x00000000      0x105 ./Core/Src/ApplicationCode.o
 .debug_abbrev  0x00000105      0x20e ./Core/Src/Button_Driver.o
 .debug_abbrev  0x00000313      0x1a2 ./Core/Src/GameMenu_Driver.o
 .debug_abbrev  0x000004b5      0x326 ./Core/Src/LCD_Driver.o
 .debug_abbrev  0x000007db      0x157 ./Core/Src/RNG_Driver.o
 .debug_abbrev  0x00000932       0xc2 ./Core/Src/Scheduler.o
 .debug_abbrev  0x000009f4      0x1d9 ./Core/Src/Tetris_Driver.o
 .debug_abbrev  0x00000bcd       0xc6 ./Core/Src/fonts.o
 .debug_abbrev  0x00000c93      0x2c2 ./Core/Src/ili9341.o
 .debug_abbrev  0x00000f55      0x234 ./Core/Src/main.o
 .debug_abbrev  0x00001189      0x23d ./Core/Src/stm32f4xx_hal_msp.o
 .debug_abbrev  0x000013c6       0x73 ./Core/Src/stm32f4xx_it.o
 .debug_abbrev  0x00001439      0x2c9 ./Core/Src/stmpe811.o
 .debug_abbrev  0x00001702      0x11c ./Core/Src/system_stm32f4xx.o
 .debug_abbrev  0x0000181e       0x24 ./Core/Startup/startup_stm32f429zitx.o
 .debug_abbrev  0x00001842      0x214 ./Drivers/STM32F4xx_HAL_Driver/Src/stm32f4xx_hal.o
 .debug_abbrev  0x00001a56      0x328 ./Drivers/STM32F4xx_HAL_Driver/Src/stm32f4xx_hal_cortex.o
 .debug_abbrev  0x00001d7e      0x1d4 ./Drivers/STM32F4xx_HAL_Driver/Src/stm32f4xx_hal_gpio.o
 .debug_abbrev  0x00001f52      0x2ad ./Drivers/STM32F4xx_HAL_Driver/Src/stm32f4xx_hal_i2c.o
 .debug_abbrev  0x000021ff      0x233 ./Drivers/STM32F4xx_HAL_Driver/Src/stm32f4xx_hal_ltdc.o
 .debug_abbrev  0x00002432      0x2b6 ./Drivers/STM32F4xx_HAL_Driver/Src/stm32f4xx_hal_rcc.o
 .debug_abbrev  0x000026e8      0x1af ./Drivers/STM32F4xx_HAL_Driver/Src/stm32f4xx_hal_rcc_ex.o
 .debug_abbrev  0x00002897      0x1c4 ./Drivers/STM32F4xx_HAL_Driver/Src/stm32f4xx_hal_rng.o
 .debug_abbrev  0x00002a5b      0x284 ./Drivers/STM32F4xx_HAL_Driver/Src/stm32f4xx_hal_spi.o

.debug_aranges  0x00000000      0xe60
 .debug_aranges
                0x00000000       0x28 ./Core/Src/ApplicationCode.o
 .debug_aranges
                0x00000028       0x40 ./Core/Src/Button_Driver.o
 .debug_aranges
                0x00000068       0x30 ./Core/Src/GameMenu_Driver.o
 .debug_aranges
                0x00000098       0xd8 ./Core/Src/LCD_Driver.o
 .debug_aranges
                0x00000170       0x28 ./Core/Src/RNG_Driver.o
 .debug_aranges
                0x00000198       0x38 ./Core/Src/Scheduler.o
 .debug_aranges
                0x000001d0       0x60 ./Core/Src/Tetris_Driver.o
 .debug_aranges
                0x00000230       0x18 ./Core/Src/fonts.o
 .debug_aranges
                0x00000248       0x98 ./Core/Src/ili9341.o
 .debug_aranges
                0x000002e0       0x38 ./Core/Src/main.o
 .debug_aranges
                0x00000318       0x60 ./Core/Src/stm32f4xx_hal_msp.o
 .debug_aranges
                0x00000378       0x60 ./Core/Src/stm32f4xx_it.o
 .debug_aranges
                0x000003d8       0x88 ./Core/Src/stmpe811.o
 .debug_aranges
                0x00000460       0x28 ./Core/Src/system_stm32f4xx.o
 .debug_aranges
                0x00000488       0x28 ./Core/Startup/startup_stm32f429zitx.o
 .debug_aranges
                0x000004b0      0x100 ./Drivers/STM32F4xx_HAL_Driver/Src/stm32f4xx_hal.o
 .debug_aranges
                0x000005b0      0x120 ./Drivers/STM32F4xx_HAL_Driver/Src/stm32f4xx_hal_cortex.o
 .debug_aranges
                0x000006d0       0x58 ./Drivers/STM32F4xx_HAL_Driver/Src/stm32f4xx_hal_gpio.o
 .debug_aranges
                0x00000728      0x2a8 ./Drivers/STM32F4xx_HAL_Driver/Src/stm32f4xx_hal_i2c.o
 .debug_aranges
                0x000009d0      0x158 ./Drivers/STM32F4xx_HAL_Driver/Src/stm32f4xx_hal_ltdc.o
 .debug_aranges
                0x00000b28       0x88 ./Drivers/STM32F4xx_HAL_Driver/Src/stm32f4xx_hal_rcc.o
 .debug_aranges
                0x00000bb0       0x58 ./Drivers/STM32F4xx_HAL_Driver/Src/stm32f4xx_hal_rcc_ex.o
 .debug_aranges
                0x00000c08       0x88 ./Drivers/STM32F4xx_HAL_Driver/Src/stm32f4xx_hal_rng.o
 .debug_aranges
                0x00000c90      0x1d0 ./Drivers/STM32F4xx_HAL_Driver/Src/stm32f4xx_hal_spi.o

.debug_rnglists
                0x00000000      0xada
 .debug_rnglists
                0x00000000       0x19 ./Core/Src/ApplicationCode.o
 .debug_rnglists
                0x00000019       0x2b ./Core/Src/Button_Driver.o
 .debug_rnglists
                0x00000044       0x21 ./Core/Src/GameMenu_Driver.o
 .debug_rnglists
                0x00000065       0xa4 ./Core/Src/LCD_Driver.o
 .debug_rnglists
                0x00000109       0x19 ./Core/Src/RNG_Driver.o
 .debug_rnglists
                0x00000122       0x25 ./Core/Src/Scheduler.o
 .debug_rnglists
                0x00000147       0x4a ./Core/Src/Tetris_Driver.o
 .debug_rnglists
                0x00000191       0x6f ./Core/Src/ili9341.o
 .debug_rnglists
                0x00000200       0x28 ./Core/Src/main.o
 .debug_rnglists
                0x00000228       0x47 ./Core/Src/stm32f4xx_hal_msp.o
 .debug_rnglists
                0x0000026f       0x43 ./Core/Src/stm32f4xx_it.o
 .debug_rnglists
                0x000002b2       0x67 ./Core/Src/stmpe811.o
 .debug_rnglists
                0x00000319       0x1a ./Core/Src/system_stm32f4xx.o
 .debug_rnglists
                0x00000333       0x19 ./Core/Startup/startup_stm32f429zitx.o
 .debug_rnglists
                0x0000034c       0xbb ./Drivers/STM32F4xx_HAL_Driver/Src/stm32f4xx_hal.o
 .debug_rnglists
                0x00000407       0xd4 ./Drivers/STM32F4xx_HAL_Driver/Src/stm32f4xx_hal_cortex.o
 .debug_rnglists
                0x000004db       0x3f ./Drivers/STM32F4xx_HAL_Driver/Src/stm32f4xx_hal_gpio.o
 .debug_rnglists
                0x0000051a      0x23c ./Drivers/STM32F4xx_HAL_Driver/Src/stm32f4xx_hal_i2c.o
 .debug_rnglists
                0x00000756      0x109 ./Drivers/STM32F4xx_HAL_Driver/Src/stm32f4xx_hal_ltdc.o
 .debug_rnglists
                0x0000085f       0x66 ./Drivers/STM32F4xx_HAL_Driver/Src/stm32f4xx_hal_rcc.o
 .debug_rnglists
                0x000008c5       0x43 ./Drivers/STM32F4xx_HAL_Driver/Src/stm32f4xx_hal_rcc_ex.o
 .debug_rnglists
                0x00000908       0x63 ./Drivers/STM32F4xx_HAL_Driver/Src/stm32f4xx_hal_rng.o
 .debug_rnglists
                0x0000096b      0x16f ./Drivers/STM32F4xx_HAL_Driver/Src/stm32f4xx_hal_spi.o

.debug_macro    0x00000000    0x2627b
 .debug_macro   0x00000000      0x352 ./Core/Src/ApplicationCode.o
 .debug_macro   0x00000352      0xaa8 ./Core/Src/ApplicationCode.o
 .debug_macro   0x00000dfa      0x2a7 ./Core/Src/ApplicationCode.o
 .debug_macro   0x000010a1       0x2e ./Core/Src/ApplicationCode.o
 .debug_macro   0x000010cf       0x28 ./Core/Src/ApplicationCode.o
 .debug_macro   0x000010f7       0x22 ./Core/Src/ApplicationCode.o
 .debug_macro   0x00001119       0x8e ./Core/Src/ApplicationCode.o
 .debug_macro   0x000011a7       0x51 ./Core/Src/ApplicationCode.o
 .debug_macro   0x000011f8      0x103 ./Core/Src/ApplicationCode.o
 .debug_macro   0x000012fb       0x6a ./Core/Src/ApplicationCode.o
 .debug_macro   0x00001365      0x1df ./Core/Src/ApplicationCode.o
 .debug_macro   0x00001544       0x1c ./Core/Src/ApplicationCode.o
 .debug_macro   0x00001560       0x22 ./Core/Src/ApplicationCode.o
 .debug_macro   0x00001582       0xfb ./Core/Src/ApplicationCode.o
 .debug_macro   0x0000167d     0x1011 ./Core/Src/ApplicationCode.o
 .debug_macro   0x0000268e      0x11f ./Core/Src/ApplicationCode.o
 .debug_macro   0x000027ad    0x17fd8 ./Core/Src/ApplicationCode.o
 .debug_macro   0x0001a785       0x6d ./Core/Src/ApplicationCode.o
 .debug_macro   0x0001a7f2     0x3703 ./Core/Src/ApplicationCode.o
 .debug_macro   0x0001def5      0x189 ./Core/Src/ApplicationCode.o
 .debug_macro   0x0001e07e       0x5c ./Core/Src/ApplicationCode.o
 .debug_macro   0x0001e0da      0xcba ./Core/Src/ApplicationCode.o
 .debug_macro   0x0001ed94      0x9e9 ./Core/Src/ApplicationCode.o
 .debug_macro   0x0001f77d      0x115 ./Core/Src/ApplicationCode.o
 .debug_macro   0x0001f892      0x156 ./Core/Src/ApplicationCode.o
 .debug_macro   0x0001f9e8       0xa5 ./Core/Src/ApplicationCode.o
 .debug_macro   0x0001fa8d      0x182 ./Core/Src/ApplicationCode.o
 .debug_macro   0x0001fc0f      0x287 ./Core/Src/ApplicationCode.o
 .debug_macro   0x0001fe96       0x5f ./Core/Src/ApplicationCode.o
 .debug_macro   0x0001fef5      0x236 ./Core/Src/ApplicationCode.o
 .debug_macro   0x0002012b      0x132 ./Core/Src/ApplicationCode.o
 .debug_macro   0x0002025d      0x41d ./Core/Src/ApplicationCode.o
 .debug_macro   0x0002067a       0x2e ./Core/Src/ApplicationCode.o
 .debug_macro   0x000206a8      0x1b5 ./Core/Src/ApplicationCode.o
 .debug_macro   0x0002085d       0x22 ./Core/Src/ApplicationCode.o
 .debug_macro   0x0002087f       0xd6 ./Core/Src/ApplicationCode.o
 .debug_macro   0x00020955      0x198 ./Core/Src/ApplicationCode.o
 .debug_macro   0x00020aed       0xd6 ./Core/Src/ApplicationCode.o
 .debug_macro   0x00020bc3      0x127 ./Core/Src/ApplicationCode.o
 .debug_macro   0x00020cea       0xe2 ./Core/Src/ApplicationCode.o
 .debug_macro   0x00020dcc       0x89 ./Core/Src/ApplicationCode.o
 .debug_macro   0x00020e55       0xa4 ./Core/Src/ApplicationCode.o
 .debug_macro   0x00020ef9      0x225 ./Core/Src/ApplicationCode.o
 .debug_macro   0x0002111e      0x134 ./Core/Src/ApplicationCode.o
 .debug_macro   0x00021252      0x332 ./Core/Src/ApplicationCode.o
 .debug_macro   0x00021584       0x22 ./Core/Src/ApplicationCode.o
 .debug_macro   0x000215a6      0x179 ./Core/Src/ApplicationCode.o
 .debug_macro   0x0002171f       0x61 ./Core/Src/ApplicationCode.o
 .debug_macro   0x00021780       0x24 ./Core/Src/ApplicationCode.o
 .debug_macro   0x000217a4       0x43 ./Core/Src/ApplicationCode.o
 .debug_macro   0x000217e7       0x34 ./Core/Src/ApplicationCode.o
 .debug_macro   0x0002181b       0x16 ./Core/Src/ApplicationCode.o
 .debug_macro   0x00021831       0x35 ./Core/Src/ApplicationCode.o
 .debug_macro   0x00021866      0x369 ./Core/Src/ApplicationCode.o
 .debug_macro   0x00021bcf       0x10 ./Core/Src/ApplicationCode.o
 .debug_macro   0x00021bdf       0x16 ./Core/Src/ApplicationCode.o
 .debug_macro   0x00021bf5       0x43 ./Core/Src/ApplicationCode.o
 .debug_macro   0x00021c38       0x34 ./Core/Src/ApplicationCode.o
 .debug_macro   0x00021c6c       0x10 ./Core/Src/ApplicationCode.o
 .debug_macro   0x00021c7c       0x58 ./Core/Src/ApplicationCode.o
 .debug_macro   0x00021cd4       0x8e ./Core/Src/ApplicationCode.o
 .debug_macro   0x00021d62       0x1c ./Core/Src/ApplicationCode.o
 .debug_macro   0x00021d7e      0x177 ./Core/Src/ApplicationCode.o
 .debug_macro   0x00021ef5       0x16 ./Core/Src/ApplicationCode.o
 .debug_macro   0x00021f0b       0x16 ./Core/Src/ApplicationCode.o
 .debug_macro   0x00021f21      0x146 ./Core/Src/ApplicationCode.o
 .debug_macro   0x00022067       0x22 ./Core/Src/ApplicationCode.o
 .debug_macro   0x00022089       0x28 ./Core/Src/ApplicationCode.o
 .debug_macro   0x000220b1       0x1c ./Core/Src/ApplicationCode.o
 .debug_macro   0x000220cd       0x94 ./Core/Src/ApplicationCode.o
 .debug_macro   0x00022161      0x34c ./Core/Src/Button_Driver.o
 .debug_macro   0x000224ad      0x17f ./Core/Src/Button_Driver.o
 .debug_macro   0x0002262c       0x1c ./Core/Src/Button_Driver.o
 .debug_macro   0x00022648      0x33c ./Core/Src/GameMenu_Driver.o
 .debug_macro   0x00022984       0x5b ./Core/Src/GameMenu_Driver.o
 .debug_macro   0x000229df       0x94 ./Core/Src/GameMenu_Driver.o
 .debug_macro   0x00022a73       0x57 ./Core/Src/GameMenu_Driver.o
 .debug_macro   0x00022aca       0x9e ./Core/Src/GameMenu_Driver.o
 .debug_macro   0x00022b68      0x10b ./Core/Src/GameMenu_Driver.o
 .debug_macro   0x00022c73       0x56 ./Core/Src/GameMenu_Driver.o
 .debug_macro   0x00022cc9      0x348 ./Core/Src/LCD_Driver.o
 .debug_macro   0x00023011      0x348 ./Core/Src/RNG_Driver.o
 .debug_macro   0x00023359      0x34c ./Core/Src/Scheduler.o
 .debug_macro   0x000236a5      0x33c ./Core/Src/Tetris_Driver.o
 .debug_macro   0x000239e1       0x6d ./Core/Src/fonts.o
 .debug_macro   0x00023a4e      0x206 ./Core/Src/ili9341.o
 .debug_macro   0x00023c54      0x32c ./Core/Src/ili9341.o
 .debug_macro   0x00023f80      0x361 ./Core/Src/main.o
 .debug_macro   0x000242e1      0x4c8 ./Core/Src/main.o
 .debug_macro   0x000247a9      0x206 ./Core/Src/stm32f4xx_hal_msp.o
 .debug_macro   0x000249af      0x210 ./Core/Src/stm32f4xx_it.o
 .debug_macro   0x00024bbf      0x221 ./Core/Src/stmpe811.o
 .debug_macro   0x00024de0      0x1f7 ./Core/Src/system_stm32f4xx.o
 .debug_macro   0x00024fd7      0x257 ./Drivers/STM32F4xx_HAL_Driver/Src/stm32f4xx_hal.o
 .debug_macro   0x0002522e      0x1f7 ./Drivers/STM32F4xx_HAL_Driver/Src/stm32f4xx_hal_cortex.o
 .debug_macro   0x00025425      0x1fd ./Drivers/STM32F4xx_HAL_Driver/Src/stm32f4xx_hal_gpio.o
 .debug_macro   0x00025622      0x245 ./Drivers/STM32F4xx_HAL_Driver/Src/stm32f4xx_hal_i2c.o
 .debug_macro   0x00025867      0x1ff ./Drivers/STM32F4xx_HAL_Driver/Src/stm32f4xx_hal_ltdc.o
 .debug_macro   0x00025a66      0x21b ./Drivers/STM32F4xx_HAL_Driver/Src/stm32f4xx_hal_rcc.o
 .debug_macro   0x00025c81      0x1f7 ./Drivers/STM32F4xx_HAL_Driver/Src/stm32f4xx_hal_rcc_ex.o
 .debug_macro   0x00025e78      0x1fd ./Drivers/STM32F4xx_HAL_Driver/Src/stm32f4xx_hal_rng.o
 .debug_macro   0x00026075      0x206 ./Drivers/STM32F4xx_HAL_Driver/Src/stm32f4xx_hal_spi.o

.debug_line     0x00000000    0x146e0
 .debug_line    0x00000000      0x9b0 ./Core/Src/ApplicationCode.o
 .debug_line    0x000009b0      0xa04 ./Core/Src/Button_Driver.o
 .debug_line    0x000013b4      0xa79 ./Core/Src/GameMenu_Driver.o
 .debug_line    0x00001e2d      0xee6 ./Core/Src/LCD_Driver.o
 .debug_line    0x00002d13      0x992 ./Core/Src/RNG_Driver.o
 .debug_line    0x000036a5      0x9ba ./Core/Src/Scheduler.o
 .debug_line    0x0000405f      0xd60 ./Core/Src/Tetris_Driver.o
 .debug_line    0x00004dbf      0x412 ./Core/Src/fonts.o
 .debug_line    0x000051d1      0x9d9 ./Core/Src/ili9341.o
 .debug_line    0x00005baa      0xb16 ./Core/Src/main.o
 .debug_line    0x000066c0      0x960 ./Core/Src/stm32f4xx_hal_msp.o
 .debug_line    0x00007020      0x85a ./Core/Src/stm32f4xx_it.o
 .debug_line    0x0000787a      0xbae ./Core/Src/stmpe811.o
 .debug_line    0x00008428      0x814 ./Core/Src/system_stm32f4xx.o
 .debug_line    0x00008c3c       0x7a ./Core/Startup/startup_stm32f429zitx.o
 .debug_line    0x00008cb6      0xabb ./Drivers/STM32F4xx_HAL_Driver/Src/stm32f4xx_hal.o
 .debug_line    0x00009771      0xd4d ./Drivers/STM32F4xx_HAL_Driver/Src/stm32f4xx_hal_cortex.o
 .debug_line    0x0000a4be      0xc39 ./Drivers/STM32F4xx_HAL_Driver/Src/stm32f4xx_hal_gpio.o
 .debug_line    0x0000b0f7     0x3bcb ./Drivers/STM32F4xx_HAL_Driver/Src/stm32f4xx_hal_i2c.o
 .debug_line    0x0000ecc2     0x183c ./Drivers/STM32F4xx_HAL_Driver/Src/stm32f4xx_hal_ltdc.o
 .debug_line    0x000104fe      0xdf8 ./Drivers/STM32F4xx_HAL_Driver/Src/stm32f4xx_hal_rcc.o
 .debug_line    0x000112f6      0xc56 ./Drivers/STM32F4xx_HAL_Driver/Src/stm32f4xx_hal_rcc_ex.o
 .debug_line    0x00011f4c      0xa14 ./Drivers/STM32F4xx_HAL_Driver/Src/stm32f4xx_hal_rng.o
 .debug_line    0x00012960     0x1d80 ./Drivers/STM32F4xx_HAL_Driver/Src/stm32f4xx_hal_spi.o

.debug_str      0x00000000    0xd84a7
 .debug_str     0x00000000    0xd32a0 ./Core/Src/ApplicationCode.o
                              0xd3572 (size before relaxing)
 .debug_str     0x000d32a0      0x78d ./Core/Src/Button_Driver.o
                              0xd3b5e (size before relaxing)
 .debug_str     0x000d3a2d      0x16c ./Core/Src/GameMenu_Driver.o
                              0xd364b (size before relaxing)
 .debug_str     0x000d3b99      0x624 ./Core/Src/LCD_Driver.o
                              0xd3dc4 (size before relaxing)
 .debug_str     0x000d41bd       0xf2 ./Core/Src/RNG_Driver.o
                              0xd35fd (size before relaxing)
 .debug_str     0x000d42af       0x7c ./Core/Src/Scheduler.o
                              0xd33dd (size before relaxing)
 .debug_str     0x000d432b       0xee ./Core/Src/Tetris_Driver.o
                              0xd3552 (size before relaxing)
 .debug_str     0x000d4419       0x40 ./Core/Src/fonts.o
                               0x3d33 (size before relaxing)
 .debug_str     0x000d4459      0x515 ./Core/Src/ili9341.o
                              0xcfa0d (size before relaxing)
 .debug_str     0x000d496e     0x10b4 ./Core/Src/main.o
                              0xd4821 (size before relaxing)
 .debug_str     0x000d5a22      0x354 ./Core/Src/stm32f4xx_hal_msp.o
                              0xd02d6 (size before relaxing)
 .debug_str     0x000d5d76       0xc9 ./Core/Src/stm32f4xx_it.o
                              0xcf5fd (size before relaxing)
 .debug_str     0x000d5e3f      0x188 ./Core/Src/stmpe811.o
                              0xcf6c9 (size before relaxing)
 .debug_str     0x000d5fc7       0x87 ./Core/Src/system_stm32f4xx.o
                              0xce7ab (size before relaxing)
 .debug_str     0x000d604e       0x44 ./Core/Startup/startup_stm32f429zitx.o
                                 0x72 (size before relaxing)
 .debug_str     0x000d6092      0x62a ./Drivers/STM32F4xx_HAL_Driver/Src/stm32f4xx_hal.o
                              0xcf422 (size before relaxing)
 .debug_str     0x000d66bc      0x37c ./Drivers/STM32F4xx_HAL_Driver/Src/stm32f4xx_hal_cortex.o
                              0xcf11e (size before relaxing)
 .debug_str     0x000d6a38      0x10b ./Drivers/STM32F4xx_HAL_Driver/Src/stm32f4xx_hal_gpio.o
                              0xce97a (size before relaxing)
 .debug_str     0x000d6b43      0xb23 ./Drivers/STM32F4xx_HAL_Driver/Src/stm32f4xx_hal_i2c.o
                              0xcf80f (size before relaxing)
 .debug_str     0x000d7666      0x491 ./Drivers/STM32F4xx_HAL_Driver/Src/stm32f4xx_hal_ltdc.o
                              0xcee63 (size before relaxing)
 .debug_str     0x000d7af7      0x213 ./Drivers/STM32F4xx_HAL_Driver/Src/stm32f4xx_hal_rcc.o
                              0xcec33 (size before relaxing)
 .debug_str     0x000d7d0a      0x133 ./Drivers/STM32F4xx_HAL_Driver/Src/stm32f4xx_hal_rcc_ex.o
                              0xce9fa (size before relaxing)
 .debug_str     0x000d7e3d      0x152 ./Drivers/STM32F4xx_HAL_Driver/Src/stm32f4xx_hal_rng.o
                              0xce8ec (size before relaxing)
 .debug_str     0x000d7f8f      0x518 ./Drivers/STM32F4xx_HAL_Driver/Src/stm32f4xx_hal_spi.o
                              0xcf0b0 (size before relaxing)

.comment        0x00000000       0x43
 .comment       0x00000000       0x43 ./Core/Src/ApplicationCode.o
                                 0x44 (size before relaxing)
 .comment       0x00000043       0x44 ./Core/Src/Button_Driver.o
 .comment       0x00000043       0x44 ./Core/Src/GameMenu_Driver.o
 .comment       0x00000043       0x44 ./Core/Src/LCD_Driver.o
 .comment       0x00000043       0x44 ./Core/Src/RNG_Driver.o
 .comment       0x00000043       0x44 ./Core/Src/Scheduler.o
 .comment       0x00000043       0x44 ./Core/Src/Tetris_Driver.o
 .comment       0x00000043       0x44 ./Core/Src/fonts.o
 .comment       0x00000043       0x44 ./Core/Src/ili9341.o
 .comment       0x00000043       0x44 ./Core/Src/main.o
 .comment       0x00000043       0x44 ./Core/Src/stm32f4xx_hal_msp.o
 .comment       0x00000043       0x44 ./Core/Src/stm32f4xx_it.o
 .comment       0x00000043       0x44 ./Core/Src/stmpe811.o
 .comment       0x00000043       0x44 ./Core/Src/system_stm32f4xx.o
 .comment       0x00000043       0x44 ./Drivers/STM32F4xx_HAL_Driver/Src/stm32f4xx_hal.o
 .comment       0x00000043       0x44 ./Drivers/STM32F4xx_HAL_Driver/Src/stm32f4xx_hal_cortex.o
 .comment       0x00000043       0x44 ./Drivers/STM32F4xx_HAL_Driver/Src/stm32f4xx_hal_gpio.o
 .comment       0x00000043       0x44 ./Drivers/STM32F4xx_HAL_Driver/Src/stm32f4xx_hal_i2c.o
 .comment       0x00000043       0x44 ./Drivers/STM32F4xx_HAL_Driver/Src/stm32f4xx_hal_ltdc.o
 .comment       0x00000043       0x44 ./Drivers/STM32F4xx_HAL_Driver/Src/stm32f4xx_hal_rcc.o
 .comment       0x00000043       0x44 ./Drivers/STM32F4xx_HAL_Driver/Src/stm32f4xx_hal_rcc_ex.o
 .comment       0x00000043       0x44 ./Drivers/STM32F4xx_HAL_Driver/Src/stm32f4xx_hal_rng.o
 .comment       0x00000043       0x44 ./Drivers/STM32F4xx_HAL_Driver/Src/stm32f4xx_hal_spi.o

.debug_frame    0x00000000     0x39d4
 .debug_frame   0x00000000       0x48 ./Core/Src/ApplicationCode.o
 .debug_frame   0x00000048       0xbc ./Core/Src/Button_Driver.o
 .debug_frame   0x00000104       0x80 ./Core/Src/GameMenu_Driver.o
 .debug_frame   0x00000184      0x36c ./Core/Src/LCD_Driver.o
 .debug_frame   0x000004f0       0x58 ./Core/Src/RNG_Driver.o
 .debug_frame   0x00000548       0x9c ./Core/Src/Scheduler.o
 .debug_frame   0x000005e4      0x168 ./Core/Src/Tetris_Driver.o
 .debug_frame   0x0000074c      0x228 ./Core/Src/ili9341.o
 .debug_frame   0x00000974       0x98 ./Core/Src/main.o
 .debug_frame   0x00000a0c      0x160 ./Core/Src/stm32f4xx_hal_msp.o
 .debug_frame   0x00000b6c      0x104 ./Core/Src/stm32f4xx_it.o
 .debug_frame   0x00000c70      0x204 ./Core/Src/stmpe811.o
 .debug_frame   0x00000e74       0x58 ./Core/Src/system_stm32f4xx.o
 .debug_frame   0x00000ecc      0x3b4 ./Drivers/STM32F4xx_HAL_Driver/Src/stm32f4xx_hal.o
 .debug_frame   0x00001280      0x4b8 ./Drivers/STM32F4xx_HAL_Driver/Src/stm32f4xx_hal_cortex.o
 .debug_frame   0x00001738      0x14c ./Drivers/STM32F4xx_HAL_Driver/Src/stm32f4xx_hal_gpio.o
 .debug_frame   0x00001884      0xc84 ./Drivers/STM32F4xx_HAL_Driver/Src/stm32f4xx_hal_i2c.o
 .debug_frame   0x00002508      0x61c ./Drivers/STM32F4xx_HAL_Driver/Src/stm32f4xx_hal_ltdc.o
 .debug_frame   0x00002b24      0x1f4 ./Drivers/STM32F4xx_HAL_Driver/Src/stm32f4xx_hal_rcc.o
 .debug_frame   0x00002d18      0x13c ./Drivers/STM32F4xx_HAL_Driver/Src/stm32f4xx_hal_rcc_ex.o
 .debug_frame   0x00002e54      0x22c ./Drivers/STM32F4xx_HAL_Driver/Src/stm32f4xx_hal_rng.o
 .debug_frame   0x00003080      0x828 ./Drivers/STM32F4xx_HAL_Driver/Src/stm32f4xx_hal_spi.o
 .debug_frame   0x000038a8       0x38 C:/ST/STM32CubeIDE_1.16.1/STM32CubeIDE/plugins/com.st.stm32cube.ide.mcu.externaltools.gnu-tools-for-stm32.12.3.rel1.win32_1.0.200.202406191623/tools/bin/../lib/gcc/arm-none-eabi/12.3.1/../../../../arm-none-eabi/lib/thumb/v7e-m/nofp\libc_nano.a(libc_a-itoa.o)
 .debug_frame   0x000038e0       0x48 C:/ST/STM32CubeIDE_1.16.1/STM32CubeIDE/plugins/com.st.stm32cube.ide.mcu.externaltools.gnu-tools-for-stm32.12.3.rel1.win32_1.0.200.202406191623/tools/bin/../lib/gcc/arm-none-eabi/12.3.1/../../../../arm-none-eabi/lib/thumb/v7e-m/nofp\libc_nano.a(libc_a-utoa.o)
 .debug_frame   0x00003928       0x20 C:/ST/STM32CubeIDE_1.16.1/STM32CubeIDE/plugins/com.st.stm32cube.ide.mcu.externaltools.gnu-tools-for-stm32.12.3.rel1.win32_1.0.200.202406191623/tools/bin/../lib/gcc/arm-none-eabi/12.3.1/../../../../arm-none-eabi/lib/thumb/v7e-m/nofp\libc_nano.a(libc_a-memset.o)
 .debug_frame   0x00003948       0x2c C:/ST/STM32CubeIDE_1.16.1/STM32CubeIDE/plugins/com.st.stm32cube.ide.mcu.externaltools.gnu-tools-for-stm32.12.3.rel1.win32_1.0.200.202406191623/tools/bin/../lib/gcc/arm-none-eabi/12.3.1/../../../../arm-none-eabi/lib/thumb/v7e-m/nofp\libc_nano.a(libc_a-init.o)
 .debug_frame   0x00003974       0x2c C:/ST/STM32CubeIDE_1.16.1/STM32CubeIDE/plugins/com.st.stm32cube.ide.mcu.externaltools.gnu-tools-for-stm32.12.3.rel1.win32_1.0.200.202406191623/tools/bin/../lib/gcc/arm-none-eabi/12.3.1/thumb/v7e-m/nofp\libgcc.a(_aeabi_uldivmod.o)
 .debug_frame   0x000039a0       0x34 C:/ST/STM32CubeIDE_1.16.1/STM32CubeIDE/plugins/com.st.stm32cube.ide.mcu.externaltools.gnu-tools-for-stm32.12.3.rel1.win32_1.0.200.202406191623/tools/bin/../lib/gcc/arm-none-eabi/12.3.1/thumb/v7e-m/nofp\libgcc.a(_udivmoddi4.o)

.debug_line_str
                0x00000000       0x56
 .debug_line_str
                0x00000000       0x56 ./Core/Startup/startup_stm32f429zitx.o
