../Core/Src/LCD_Driver.c:26:6:LCD_GPIO_Init	56	static
../Core/Src/LCD_Driver.c:109:6:LTCD_Layer_Init	72	static
../Core/Src/LCD_Driver.c:136:6:clearScreen	8	static
../Core/Src/LCD_Driver.c:141:6:LTCD__Init	8	static
../Core/Src/LCD_Driver.c:200:6:LCD_Draw_Pixel	16	static
../Core/Src/LCD_Driver.c:210:6:LCD_Draw_Circle_Fill	32	static
../Core/Src/LCD_Driver.c:225:6:LCD_Clear	24	static
../Core/Src/LCD_Driver.c:236:6:LCD_SetTextColor	16	static
../Core/Src/LCD_Driver.c:242:6:LCD_SetFont	16	static
../Core/Src/LCD_Driver.c:248:6:LCD_Draw_Char	24	static
../Core/Src/LCD_Driver.c:268:6:LCD_DisplayChar	16	static
../Core/Src/LCD_Driver.c:274:6:visualDemo	16	static
../Core/Src/LCD_Driver.c:322:6:LCD_Draw_Tetris_Grid	16	static
../Core/Src/LCD_Driver.c:334:6:LCD_Draw_Vertical_Line	32	static
../Core/Src/LCD_Driver.c:340:6:LCD_Draw_Horizontal_Line	32	static
../Core/Src/LCD_Driver.c:348:6:LCD_Draw_X	24	static
../Core/Src/LCD_Driver.c:367:6:LCD_Draw_O	24	static
../Core/Src/LCD_Driver.c:381:6:LCD_Draw_Rectangle_Fill	32	static
../Core/Src/LCD_Driver.c:397:6:LCD_Error_Handler	4	static,ignoring_inline_asm
../Core/Src/LCD_Driver.c:412:6:InitializeLCDTouch	8	static
../Core/Src/LCD_Driver.c:420:18:returnTouchStateAndLocation	16	static
../Core/Src/LCD_Driver.c:425:6:DetermineTouchPosition	16	static
../Core/Src/LCD_Driver.c:430:9:ReadRegisterFromTouchModule	16	static
../Core/Src/LCD_Driver.c:435:6:WriteDataToTouchModule	16	static
